# vsim -c -wlf waveform.wlf -voptargs="+acc" "+notimingchecks" -l simulation.log -do "assertion fail -action continue -recursive /*; log -r /*; run -all; quit -f" -L work "+UVM_TESTNAME=camera_base_test" "+UVM_MAX_QUIT_COUNT=500" work.top 
# Start time: 12:46:00 on Jul 28,2026
# ** Note: (vsim-3813) Design is being optimized due to module recompilation...
# ** Warning: ./cam_top.sv(119): (vopt-2697) MSB of part-select into 'axi_vip_if.rdata' is out of bounds.
# ** Warning: ./cam_top.sv(119): (vopt-2697) LSB of part-select into 'axi_vip_if.rdata' is out of bounds.
# ** Warning: ./cam_top.sv(120): (vopt-2697) MSB of part-select into 'axi_vip_if.rdata' is out of bounds.
# ** Warning: ./cam_top.sv(120): (vopt-2697) LSB of part-select into 'axi_vip_if.rdata' is out of bounds.
# ** Warning: ./cam_top.sv(121): (vopt-2697) MSB of part-select into 'axi_vip_if.rdata' is out of bounds.
# ** Warning: ./cam_top.sv(121): (vopt-2697) LSB of part-select into 'axi_vip_if.rdata' is out of bounds.
# //  Questa Sim
# //  Version 10.6c linux Jul 25 2017
# //
# //  Copyright 1991-2017 Mentor Graphics Corporation
# //  All Rights Reserved.
# //
# //  QuestaSim and its associated documentation contain trade
# //  secrets and commercial or financial information that are the property of
# //  Mentor Graphics Corporation and are privileged, confidential,
# //  and exempt from disclosure under the Freedom of Information Act,
# //  5 U.S.C. Section 552. Furthermore, this information
# //  is prohibited from disclosure under the Trade Secrets Act,
# //  18 U.S.C. Section 1905.
# //
# Loading sv_std.std
# Loading work.dma_trig_cam_cntrl_if(fast)
# Loading mtiUvm.uvm_pkg
# Loading work.dma_pkg(fast)
# Loading work.camera_dvp_if(fast)
# Loading work.dvp_pkg(fast)
# Loading work.axi4_master_driver_bfm(fast)
# Loading work.axi4_master_monitor_bfm(fast)
# Loading work.axi4_globals_pkg(fast)
# Loading work.axi4_master_pkg(fast)
# Loading work.apb_slave_driver_bfm(fast)
# Loading work.apb_slave_monitor_bfm(fast)
# Loading work.apb_global_pkg(fast)
# Loading work.apb_slave_pkg(fast)
# Loading work.apb_master_driver_bfm(fast)
# Loading work.apb_master_monitor_bfm(fast)
# Loading work.apb_master_pkg(fast)
# Loading work.apb_env_pkg(fast)
# Loading work.camera_ss_pkg(fast)
# Loading work.cam_top_sv_unit(fast)
# Loading work.top(fast)
# Loading work.camera_dvp_if(fast)
# Loading work.apb_if_sv_unit(fast)
# Loading work.apb_if(fast)
# Loading work.apb_master_agent_bfm(fast)
# Loading work.apb_master_driver_bfm_sv_unit(fast)
# Loading work.apb_master_driver_bfm(fast)
# Loading work.apb_master_monitor_bfm_sv_unit(fast)
# Loading work.apb_master_monitor_bfm(fast)
# Loading work.apb_slave_driver_bfm_sv_unit(fast)
# Loading work.apb_slave_driver_bfm(fast)
# Loading work.apb_slave_monitor_bfm_sv_unit(fast)
# Loading work.apb_slave_monitor_bfm(fast)
# Loading work.axi4_if_sv_unit(fast)
# Loading work.axi4_if(fast)
# Loading work.axi4_master_agent_bfm(fast)
# Loading work.axi4_master_driver_bfm_sv_unit(fast)
# Loading work.axi4_master_driver_bfm(fast)
# Loading work.axi4_master_monitor_bfm_sv_unit(fast)
# Loading work.axi4_master_monitor_bfm(fast)
# Loading work.cam_dma_interface_sv_unit(fast)
# Loading work.dma_trig_cam_cntrl_if(fast)
# Loading work.intr_cam_cntrl_if(fast)
# Loading work.camera_controller(fast)
# Loading work.mux_sync(fast)
# Loading work.sync_ff(fast)
# Loading work.intr_req_ack(fast)
# Loading work.camera_data_pipe(fast)
# Loading work.sram_wrapper(fast)
# Loading work.sram_cam_disp_8KB(fast)
# Loading work.datapath_latch_sram_cam_disp_8KB(fast)
# Loading work.camera_ctrl_reg_interface(fast)
# Loading work.camera_ctrl_bus_interface(fast)
# Loading work.camera_ctrl_reg_block(fast)
# Loading work.sie300_axi5_sram_ctrl_cam_disp(fast)
# Loading work.sie300_axi5_sram_ctrl_cam_disp_awq(fast)
# Loading work.sie300_axi5_sram_ctrl_cam_disp_fifo(fast)
# Loading work.sie300_axi5_sram_ctrl_cam_disp_fifo_core(fast)
# Loading work.sie300_axi5_sram_ctrl_cam_disp_one_hot(fast)
# Loading work.sie300_axi5_sram_ctrl_cam_disp_wq(fast)
# Loading work.sie300_axi5_sram_ctrl_cam_disp_fifo(fast__1)
# Loading work.sie300_axi5_sram_ctrl_cam_disp_fifo_core(fast__1)
# Loading work.sie300_axi5_sram_ctrl_cam_disp_one_hot(fast__1)
# Loading work.sie300_axi5_sram_ctrl_cam_disp_bq(fast)
# Loading work.sie300_axi5_sram_ctrl_cam_disp_fifo(fast__2)
# Loading work.sie300_axi5_sram_ctrl_cam_disp_fifo_core(fast__2)
# Loading work.sie300_axi5_sram_ctrl_cam_disp_one_hot(fast__2)
# Loading work.sie300_axi5_sram_ctrl_cam_disp_arq(fast)
# Loading work.sie300_axi5_sram_ctrl_cam_disp_fifo(fast__3)
# Loading work.sie300_axi5_sram_ctrl_cam_disp_fifo_core(fast__3)
# Loading work.sie300_axi5_sram_ctrl_cam_disp_one_hot(fast__3)
# Loading work.sie300_axi5_sram_ctrl_cam_disp_rq(fast)
# Loading work.sie300_axi5_sram_ctrl_cam_disp_fifo(fast__4)
# Loading work.sie300_axi5_sram_ctrl_cam_disp_fifo_core(fast__4)
# Loading work.sie300_axi5_sram_ctrl_cam_disp_one_hot(fast__4)
# Loading work.sie300_axi5_sram_ctrl_cam_disp_wbeat(fast)
# Loading work.sie300_axi5_sram_ctrl_cam_disp_addr_dec(fast)
# Loading work.sie300_axi5_sram_ctrl_cam_disp_rbeat(fast)
# Loading work.sie300_axi5_sram_ctrl_cam_disp_arb(fast)
# Loading work.sie300_axi5_sram_ctrl_cam_disp_lpi_ctrl(fast)
# Loading work.sie300_or_tree(fast)
# Loading work.sie300_arm_or2(fast)
# Loading work.sie300_arm_xor2(fast)
# Loading work.sie300_or_tree(fast__1)
# Loading work.sie300_or_tree(fast__2)
# Loading work.sie300_axi5_sram_ctrl_cam_disp_resp_gen(fast)
# Loading work.sie300_or_tree(fast__3)
# Loading work.sie300_axi5_sram_ctrl_cam_disp_axi_mux(fast)
# Loading work.sie300_axi5_sram_ctrl_cam_disp_clamp(fast)
# Loading work.sie300_arm_and2(fast)
# Loading mtiUvm.questa_uvm_pkg(fast)
# Loading work.intr_cam_cntrl_if(fast)
# Loading work.axi4_if(fast)
# Loading /tools/mentor/questasim_10.6c/questasim/uvm-1.1d/linux/uvm_dpi.so
# assertion fail -action continue -recursive /*
#  log -r /*
#  run -all
# ----------------------------------------------------------------
# UVM-1.1d
# (C) 2007-2013 Mentor Graphics Corporation
# (C) 2007-2013 Cadence Design Systems, Inc.
# (C) 2006-2013 Synopsys, Inc.
# (C) 2011-2013 Cypress Semiconductor Corp.
# ----------------------------------------------------------------
# 
#   ***********       IMPORTANT RELEASE NOTES         ************
# 
#   You are using a version of the UVM library that has been compiled
#   with `UVM_NO_DEPRECATED undefined.
#   See http://www.eda.org/svdb/view.php?id=3313 for more details.
# 
#   You are using a version of the UVM library that has been compiled
#   with `UVM_OBJECT_MUST_HAVE_CONSTRUCTOR undefined.
#   See http://www.eda.org/svdb/view.php?id=3770 for more details.
# 
#       (Specify +UVM_NO_RELNOTES to turn off this notice)
# 
# UVM_INFO verilog_src/questa_uvm_pkg-1.2/src/questa_uvm_pkg.sv(215) @ 0: reporter [Questa UVM] QUESTA_UVM-1.2.3
# UVM_INFO verilog_src/questa_uvm_pkg-1.2/src/questa_uvm_pkg.sv(217) @ 0: reporter [Questa UVM]  questa_uvm::init(+struct)
# UVM_INFO ./apb_avip/hdl_top/master_agent_bfm/apb_master_agent_bfm.sv(17) @ 0: reporter [apb master agent bfm] APB MASTER AGENT BFM
# UVM_INFO ./apb_avip/hdl_top/master_agent_bfm/apb_master_driver_bfm.sv(55) @ 0: reporter [APB_MASTER_DRIVER_BFM] APB_MASTER_DRIVER_BFM
# UVM_INFO ./apb_avip/hdl_top/master_agent_bfm/apb_master_monitor_bfm.sv(47) @ 0: reporter [APB_MASTER_MONITOR_BFM] APB MASTER MONITOR BFM
# UVM_INFO ./apb_avip/hdl_top/slave_agent_bfm/apb_slave_driver_bfm.sv(51) @ 0: reporter [APB_SLAVE_DRIVER_BFM] APB_SLAVE_DRIVER_BFM
# UVM_INFO ./apb_avip/hdl_top/slave_agent_bfm/apb_slave_monitor_bfm.sv(48) @ 0: reporter [APB_SLAVE_MONITOR_BFM] APB_SLAVE_MONITOR_BFM
# UVM_INFO ./axi_avip/hdl_top/master_agent_bfm/axi4_master_driver_bfm.sv(87) @ 0: reporter [AXI4_MASTER_DRIVER_BFM] AXI4_MASTER_DRIVER_BFM
# UVM_INFO ./axi_avip/hdl_top/master_agent_bfm/axi4_master_agent_bfm.sv(167) @ 0: reporter [axi4 master agent bfm] AXI4 MASTER AGENT BFM
# UVM_INFO @ 0: reporter [RNTST] Running test camera_base_test...
# UVM_INFO @ 0: reporter [MAXQUITSET] '+UVM_MAX_QUIT_COUNT=500' provided on the command line is being applied.
# UVM_INFO dvp_agent.sv(24) @ 0: uvm_test_top.env.dvp_ip_env.dvp_agt [DVP_AGENT] Building DVP Agent in ACTIVE mode.
# UVM_INFO @ 0: reporter [UVMTOP] UVM testbench topology:
# ------------------------------------------------------------------------------------------
# Name                                              Type                         Size  Value
# ------------------------------------------------------------------------------------------
# uvm_test_top                                      camera_base_test             -     @519 
#   env                                             camera_ss_env                -     @526 
#     apb_vip_env                                   apb_env                      -     @551 
#       apb_master_agent                            apb_master_agent             -     @682 
#         apb_master_drv_proxy_h                    apb_master_driver_proxy      -     @792 
#           rsp_port                                uvm_analysis_port            -     @807 
#           seq_item_port                           uvm_seq_item_pull_port       -     @799 
#         apb_master_mon_proxy_h                    apb_master_monitor_proxy     -     @924 
#           apb_master_analysis_port                uvm_analysis_port            -     @931 
#         apb_master_seqr_h                         apb_master_sequencer         -     @815 
#           rsp_export                              uvm_analysis_export          -     @822 
#           seq_item_export                         uvm_seq_item_pull_imp        -     @916 
#           arbitration_queue                       array                        0     -    
#           lock_queue                              array                        0     -    
#           num_last_reqs                           integral                     32    'd1  
#           num_last_rsps                           integral                     32    'd1  
#       apb_scoreboard_h                            apb_scoreboard               -     @689 
#         apb_master_analysis_fifo                  uvm_tlm_analysis_fifo #(T)   -     @696 
#           analysis_export                         uvm_analysis_imp             -     @735 
#           get_ap                                  uvm_analysis_port            -     @727 
#           get_peek_export                         uvm_get_peek_imp             -     @711 
#           put_ap                                  uvm_analysis_port            -     @719 
#           put_export                              uvm_put_imp                  -     @703 
#         apb_slave_analysis_fifo[0]                uvm_tlm_analysis_fifo #(T)   -     @743 
#           analysis_export                         uvm_analysis_imp             -     @782 
#           get_ap                                  uvm_analysis_port            -     @774 
#           get_peek_export                         uvm_get_peek_imp             -     @758 
#           put_ap                                  uvm_analysis_port            -     @766 
#           put_export                              uvm_put_imp                  -     @750 
#     axi_vip_env                                   axi4_master_agent            -     @558 
#       axi4_master_cov_h                           axi4_master_coverage         -     @1526
#         analysis_imp                              uvm_analysis_imp             -     @1533
#       axi4_master_drv_proxy_h                     axi4_master_driver_proxy     -     @948 
#         axi4_master_read_fifo_h                   uvm_tlm_fifo #(T)            -     @1081
#           get_ap                                  uvm_analysis_port            -     @1112
#           get_peek_export                         uvm_get_peek_imp             -     @1096
#           put_ap                                  uvm_analysis_port            -     @1104
#           put_export                              uvm_put_imp                  -     @1088
#         axi4_master_write_fifo_h                  uvm_tlm_fifo #(T)            -     @1003
#           get_ap                                  uvm_analysis_port            -     @1034
#           get_peek_export                         uvm_get_peek_imp             -     @1018
#           put_ap                                  uvm_analysis_port            -     @1026
#           put_export                              uvm_put_imp                  -     @1010
#         axi4_master_write_resp_fifo_h             uvm_tlm_fifo #(T)            -     @1042
#           get_ap                                  uvm_analysis_port            -     @1073
#           get_peek_export                         uvm_get_peek_imp             -     @1057
#           put_ap                                  uvm_analysis_port            -     @1065
#           put_export                              uvm_put_imp                  -     @1049
#         axi_read_rsp_port                         uvm_analysis_port            -     @995 
#         axi_read_seq_item_port                    uvm_seq_item_pull_port       -     @979 
#         axi_write_rsp_port                        uvm_analysis_port            -     @987 
#         axi_write_seq_item_port                   uvm_seq_item_pull_port       -     @971 
#         rsp_port                                  uvm_analysis_port            -     @963 
#         seq_item_port                             uvm_seq_item_pull_port       -     @955 
#       axi4_master_mon_proxy_h                     axi4_master_monitor_proxy    -     @1338
#         axi4_master_read_address_analysis_port    uvm_analysis_port            -     @1345
#         axi4_master_read_data_analysis_port       uvm_analysis_port            -     @1353
#         axi4_master_read_fifo_h                   uvm_tlm_analysis_fifo #(T)   -     @1479
#           analysis_export                         uvm_analysis_imp             -     @1518
#           get_ap                                  uvm_analysis_port            -     @1510
#           get_peek_export                         uvm_get_peek_imp             -     @1494
#           put_ap                                  uvm_analysis_port            -     @1502
#           put_export                              uvm_put_imp                  -     @1486
#         axi4_master_write_address_analysis_port   uvm_analysis_port            -     @1361
#         axi4_master_write_address_fifo_h          uvm_tlm_analysis_fifo #(T)   -     @1385
#           analysis_export                         uvm_analysis_imp             -     @1424
#           get_ap                                  uvm_analysis_port            -     @1416
#           get_peek_export                         uvm_get_peek_imp             -     @1400
#           put_ap                                  uvm_analysis_port            -     @1408
#           put_export                              uvm_put_imp                  -     @1392
#         axi4_master_write_data_analysis_port      uvm_analysis_port            -     @1369
#         axi4_master_write_data_fifo_h             uvm_tlm_analysis_fifo #(T)   -     @1432
#           analysis_export                         uvm_analysis_imp             -     @1471
#           get_ap                                  uvm_analysis_port            -     @1463
#           get_peek_export                         uvm_get_peek_imp             -     @1447
#           put_ap                                  uvm_analysis_port            -     @1455
#           put_export                              uvm_put_imp                  -     @1439
#         axi4_master_write_response_analysis_port  uvm_analysis_port            -     @1377
#       axi4_master_read_seqr_h                     axi4_master_read_sequencer   -     @1229
#         rsp_export                                uvm_analysis_export          -     @1236
#         seq_item_export                           uvm_seq_item_pull_imp        -     @1330
#         arbitration_queue                         array                        0     -    
#         lock_queue                                array                        0     -    
#         num_last_reqs                             integral                     32    'd1  
#         num_last_rsps                             integral                     32    'd1  
#       axi4_master_write_seqr_h                    axi4_master_write_sequencer  -     @1120
#         rsp_export                                uvm_analysis_export          -     @1127
#         seq_item_export                           uvm_seq_item_pull_imp        -     @1221
#         arbitration_queue                         array                        0     -    
#         lock_queue                                array                        0     -    
#         num_last_reqs                             integral                     32    'd1  
#         num_last_rsps                             integral                     32    'd1  
#     dma_agt                                       dma_agent                    -     @565 
#       driver                                      dma_driver                   -     @1555
#         rsp_port                                  uvm_analysis_port            -     @1570
#         seq_item_port                             uvm_seq_item_pull_port       -     @1562
#       sequencer                                   dma_sequencer                -     @1578
#         rsp_export                                uvm_analysis_export          -     @1585
#         seq_item_export                           uvm_seq_item_pull_imp        -     @1679
#         arbitration_queue                         array                        0     -    
#         lock_queue                                array                        0     -    
#         num_last_reqs                             integral                     32    'd1  
#         num_last_rsps                             integral                     32    'd1  
#     dvp_ip_env                                    dvp_env                      -     @544 
#       dvp_agt                                     dvp_agent                    -     @1692
#         driver                                    dvp_driver                   -     @1854
#           rsp_port                                uvm_analysis_port            -     @1869
#           seq_item_port                           uvm_seq_item_pull_port       -     @1861
#         monitor                                   dvp_monitor                  -     @1730
#           cam_ap                                  uvm_analysis_port            -     @1737
#         sequencer                                 dvp_sequencer                -     @1745
#           rsp_export                              uvm_analysis_export          -     @1752
#           seq_item_export                         uvm_seq_item_pull_imp        -     @1846
#           arbitration_queue                       array                        0     -    
#           lock_queue                              array                        0     -    
#           num_last_reqs                           integral                     32    'd1  
#           num_last_rsps                           integral                     32    'd1  
#       scb                                         dvp_scoreboard               -     @1699
#         cam_export                                uvm_analysis_imp             -     @1706
#       sub                                         dvp_subscriber               -     @1714
#         cam_export                                uvm_analysis_imp             -     @1721
#     v_seqr                                        camera_vsequencer            -     @572 
#       rsp_export                                  uvm_analysis_export          -     @579 
#       seq_item_export                             uvm_seq_item_pull_imp        -     @673 
#       arbitration_queue                           array                        0     -    
#       lock_queue                                  array                        0     -    
#       num_last_reqs                               integral                     32    'd1  
#       num_last_rsps                               integral                     32    'd1  
# ------------------------------------------------------------------------------------------
# 
# UVM_INFO camera_base_test.sv(34) @ 0: uvm_test_top [TEST] Configuring virtual sequence hardware control knobs...
# UVM_INFO camera_base_test.sv(39) @ 0: uvm_test_top [TEST] Starting Subsystem Virtual Sequence (Resolution: RES_QVGA, Format: FMT_RGB888)...
# UVM_INFO ./dvp_agent/dvp_monitor.sv(35) @ 0: uvm_test_top.env.dvp_ip_env.dvp_agt.monitor [DVP_MON] Starting DVP Monitor observation loop...
# UVM_INFO ./apb_avip/hvl_top/master/apb_master_monitor_proxy.sv(84) @ 0: uvm_test_top.env.apb_vip_env.apb_master_agent.apb_master_mon_proxy_h [apb_master_monitor_proxy] Inside the master_monitor_proxy
# UVM_INFO camera_reg_cfg_seq.sv(15) @ 0: uvm_test_top.env.apb_vip_env.apb_master_agent.apb_master_seqr_h@@cam_cfg [REG_BASE] Inside camera base register seq: Camera Enable & Generic Configurations...
# UVM_INFO ./apb_avip/hdl_top/master_agent_bfm/apb_master_driver_bfm.sv(103) @ 65000: reporter [DEBUG_MSHA] drive_apb_idle state = IDLE and state = 1
# UVM_INFO ./apb_avip/hdl_top/master_agent_bfm/apb_master_driver_bfm.sv(134) @ 75000: reporter [DEBUG_MSHA] drive_apb_setup state = SETUP and state = 2
# UVM_INFO ./apb_avip/hvl_top/master/apb_master_driver_proxy.sv(119) @ 95000: uvm_test_top.env.apb_vip_env.apb_master_agent.apb_master_drv_proxy_h [apb_master_driver_proxy] AFTER :: received req packet 
#  ---------------------------------------------------------------------
# Name                          Type           Size  Value             
# ---------------------------------------------------------------------
# write_tx                      apb_master_tx  -     @1916             
#   pselx                       string         7     SLAVE_0           
#   paddr                       integral       32    'h710901c         
#   pwrite                      string         5     WRITE             
#   pwdata                      integral       32    'h0               
#   transfer_size               string         6     BIT_32            
#   pstrb                       integral       4     'b1111            
#   pprot                       string         18    NORMAL_SECURE_DATA
#   prdata                      integral       32    'h0               
#   pslverr                     string         8     NO_ERROR          
#   no_of_wait_states_detected  integral       32    'd0               
# ---------------------------------------------------------------------
# 
# UVM_INFO ./apb_avip/hdl_top/master_agent_bfm/apb_master_driver_bfm.sv(134) @ 105000: reporter [DEBUG_MSHA] drive_apb_setup state = SETUP and state = 2
# UVM_INFO ./apb_avip/hvl_top/master/apb_master_driver_proxy.sv(119) @ 125000: uvm_test_top.env.apb_vip_env.apb_master_agent.apb_master_drv_proxy_h [apb_master_driver_proxy] AFTER :: received req packet 
#  ----------------------------------------------------------------------------
# Name                          Type           Size  Value                    
# ----------------------------------------------------------------------------
# write_tx                      apb_master_tx  -     @2089                    
#   pselx                       string         7     SLAVE_0                  
#   paddr                       integral       32    'h7109024                
#   pwrite                      string         5     WRITE                    
#   pwdata                      integral       32    'h0                      
#   transfer_size               string         6     BIT_32                   
#   pstrb                       integral       4     'b1111                   
#   pprot                       string         25    NORMAL_SECURE_INSTRUCTION
#   prdata                      integral       32    'h0                      
#   pslverr                     string         8     NO_ERROR                 
#   no_of_wait_states_detected  integral       32    'd0                      
# ----------------------------------------------------------------------------
# 
# UVM_INFO ./apb_avip/hdl_top/master_agent_bfm/apb_master_driver_bfm.sv(134) @ 135000: reporter [DEBUG_MSHA] drive_apb_setup state = SETUP and state = 2
# UVM_INFO ./apb_avip/hvl_top/master/apb_master_driver_proxy.sv(119) @ 155000: uvm_test_top.env.apb_vip_env.apb_master_agent.apb_master_drv_proxy_h [apb_master_driver_proxy] AFTER :: received req packet 
#  ----------------------------------------------------------------------------------
# Name                          Type           Size  Value                          
# ----------------------------------------------------------------------------------
# write_tx                      apb_master_tx  -     @2097                          
#   pselx                       string         7     SLAVE_0                        
#   paddr                       integral       32    'h7109020                      
#   pwrite                      string         5     WRITE                          
#   pwdata                      integral       32    'h1                            
#   transfer_size               string         6     BIT_32                         
#   pstrb                       integral       4     'b1111                         
#   pprot                       string         31    PRIVILEGED_NONSECURE_INSTUCTION
#   prdata                      integral       32    'h0                            
#   pslverr                     string         8     NO_ERROR                       
#   no_of_wait_states_detected  integral       32    'd0                            
# ----------------------------------------------------------------------------------
# 
# UVM_INFO ./apb_avip/hdl_top/master_agent_bfm/apb_master_driver_bfm.sv(134) @ 165000: reporter [DEBUG_MSHA] drive_apb_setup state = SETUP and state = 2
# UVM_INFO ./apb_avip/hvl_top/master/apb_master_driver_proxy.sv(119) @ 185000: uvm_test_top.env.apb_vip_env.apb_master_agent.apb_master_drv_proxy_h [apb_master_driver_proxy] AFTER :: received req packet 
#  -------------------------------------------------------------------------
# Name                          Type           Size  Value                 
# -------------------------------------------------------------------------
# read_tx                       apb_master_tx  -     @2105                 
#   pselx                       string         7     SLAVE_0               
#   paddr                       integral       32    'h7109020             
#   pwrite                      string         4     READ                  
#   pwdata                      integral       32    'hb509a904            
#   transfer_size               string         6     BIT_32                
#   pstrb                       integral       4     'b1111                
#   pprot                       string         22    PRIVILEGED_SECURE_DATA
#   prdata                      integral       32    'h1                   
#   pslverr                     string         8     NO_ERROR              
#   no_of_wait_states_detected  integral       32    'd0                   
# -------------------------------------------------------------------------
# 
#               185000************************* read_cam_en:1 ***************************
# UVM_INFO dvp_sequence.sv(33) @ 185000: uvm_test_top.env.dvp_ip_env.dvp_agt.sequencer@@dvp_seq [DVP_SEQ] Starting Frame Generation: 240 Lines
# UVM_INFO ./dvp_agent/dvp_driver.sv(27) @ 185000: uvm_test_top.env.dvp_ip_env.dvp_agt.driver [dvp_driver] Driving Line ID: 0 | Resolution Width: 320 | Format: FMT_RGB888
# UVM_INFO dvp_scoreboard.sv(19) @ 29250000: uvm_test_top.env.dvp_ip_env.scb [DVP_SCB] SUCCESS! Scoreboard received Line 0. Format: FMT_RGB888
# UVM_INFO dma_base_sequence.sv(21) @ 29365000: uvm_test_top.env.dma_agt.sequencer@@dma_sub_seq [DMA_SEQ]  DMA Handshake done . DMA request/ack type: 10
# UVM_INFO ./axi_avip/hvl_top/master/axi4_master_driver_proxy.sv(396) @ 29365000: uvm_test_top.env.axi_vip_env.axi4_master_drv_proxy_h [axi4_master_driver_proxy] READ_TASK::Starting read data task, req_rd transfer_type = NON_OUTSTANDING_READ
# UVM_INFO ./axi_avip/hvl_top/master/axi4_master_driver_proxy.sv(413) @ 29365000: uvm_test_top.env.axi_vip_env.axi4_master_drv_proxy_h [axi4_master_driver_proxy] READ_TASK::Checking transfer type in read task = NON_OUTSTANDING_READ
# UVM_INFO ./axi_avip/hdl_top/master_agent_bfm/axi4_master_monitor_bfm.sv(179) @ 29375000: reporter [AXI4_MASTER_MON_BFM] Sampled read address channel: arburst = 1
# UVM_INFO ./axi_avip/hvl_top/master/axi4_master_monitor_proxy.sv(255) @ 29375000: uvm_test_top.env.axi_vip_env.axi4_master_mon_proxy_h [axi4_master_monitor_proxy] Read address channel: publishing clone packet, arburst = 1
# UVM_INFO ./axi_avip/hvl_top/master/axi4_master_driver_proxy.sv(396) @ 29725000: uvm_test_top.env.axi_vip_env.axi4_master_drv_proxy_h [axi4_master_driver_proxy] READ_TASK::Starting read data task, req_rd transfer_type = NON_OUTSTANDING_READ
# UVM_INFO ./axi_avip/hvl_top/master/axi4_master_driver_proxy.sv(413) @ 29725000: uvm_test_top.env.axi_vip_env.axi4_master_drv_proxy_h [axi4_master_driver_proxy] READ_TASK::Checking transfer type in read task = NON_OUTSTANDING_READ
# UVM_INFO ./axi_avip/hdl_top/master_agent_bfm/axi4_master_monitor_bfm.sv(179) @ 29745000: reporter [AXI4_MASTER_MON_BFM] Sampled read address channel: arburst = 1
# UVM_INFO ./axi_avip/hvl_top/master/axi4_master_monitor_proxy.sv(255) @ 29745000: uvm_test_top.env.axi_vip_env.axi4_master_mon_proxy_h [axi4_master_monitor_proxy] Read address channel: publishing clone packet, arburst = 1
# UVM_INFO ./axi_avip/hvl_top/master/axi4_master_driver_proxy.sv(396) @ 29795000: uvm_test_top.env.axi_vip_env.axi4_master_drv_proxy_h [axi4_master_driver_proxy] READ_TASK::Starting read data task, req_rd transfer_type = NON_OUTSTANDING_READ
# UVM_INFO ./axi_avip/hvl_top/master/axi4_master_driver_proxy.sv(413) @ 29795000: uvm_test_top.env.axi_vip_env.axi4_master_drv_proxy_h [axi4_master_driver_proxy] READ_TASK::Checking transfer type in read task = NON_OUTSTANDING_READ
# UVM_INFO ./axi_avip/hdl_top/master_agent_bfm/axi4_master_monitor_bfm.sv(179) @ 29815000: reporter [AXI4_MASTER_MON_BFM] Sampled read address channel: arburst = 1
# UVM_INFO ./axi_avip/hvl_top/master/axi4_master_monitor_proxy.sv(255) @ 29815000: uvm_test_top.env.axi_vip_env.axi4_master_mon_proxy_h [axi4_master_monitor_proxy] Read address channel: publishing clone packet, arburst = 1
# UVM_INFO ./axi_avip/hvl_top/master/axi4_master_driver_proxy.sv(396) @ 30165000: uvm_test_top.env.axi_vip_env.axi4_master_drv_proxy_h [axi4_master_driver_proxy] READ_TASK::Starting read data task, req_rd transfer_type = NON_OUTSTANDING_READ
# UVM_INFO ./axi_avip/hvl_top/master/axi4_master_driver_proxy.sv(413) @ 30165000: uvm_test_top.env.axi_vip_env.axi4_master_drv_proxy_h [axi4_master_driver_proxy] READ_TASK::Checking transfer type in read task = NON_OUTSTANDING_READ
# UVM_INFO ./axi_avip/hdl_top/master_agent_bfm/axi4_master_monitor_bfm.sv(179) @ 30185000: reporter [AXI4_MASTER_MON_BFM] Sampled read address channel: arburst = 1
# UVM_INFO ./axi_avip/hvl_top/master/axi4_master_monitor_proxy.sv(255) @ 30185000: uvm_test_top.env.axi_vip_env.axi4_master_mon_proxy_h [axi4_master_monitor_proxy] Read address channel: publishing clone packet, arburst = 1
# UVM_INFO ./dvp_agent/dvp_driver.sv(27) @ 31190000: uvm_test_top.env.dvp_ip_env.dvp_agt.driver [dvp_driver] Driving Line ID: 1 | Resolution Width: 320 | Format: FMT_RGB888
# UVM_INFO dvp_scoreboard.sv(19) @ 50410000: uvm_test_top.env.dvp_ip_env.scb [DVP_SCB] SUCCESS! Scoreboard received Line 0. Format: FMT_RGB888
# UVM_INFO ./dvp_agent/dvp_driver.sv(27) @ 53010000: uvm_test_top.env.dvp_ip_env.dvp_agt.driver [dvp_driver] Driving Line ID: 2 | Resolution Width: 320 | Format: FMT_RGB888
# UVM_INFO dvp_scoreboard.sv(19) @ 72230000: uvm_test_top.env.dvp_ip_env.scb [DVP_SCB] SUCCESS! Scoreboard received Line 0. Format: FMT_RGB888
# UVM_INFO ./dvp_agent/dvp_driver.sv(27) @ 74610000: uvm_test_top.env.dvp_ip_env.dvp_agt.driver [dvp_driver] Driving Line ID: 3 | Resolution Width: 320 | Format: FMT_RGB888
# UVM_INFO dvp_scoreboard.sv(19) @ 93830000: uvm_test_top.env.dvp_ip_env.scb [DVP_SCB] SUCCESS! Scoreboard received Line 0. Format: FMT_RGB888
# UVM_INFO ./dvp_agent/dvp_driver.sv(27) @ 97310000: uvm_test_top.env.dvp_ip_env.dvp_agt.driver [dvp_driver] Driving Line ID: 4 | Resolution Width: 320 | Format: FMT_RGB888
# UVM_INFO dvp_scoreboard.sv(19) @ 116530000: uvm_test_top.env.dvp_ip_env.scb [DVP_SCB] SUCCESS! Scoreboard received Line 0. Format: FMT_RGB888
# UVM_INFO ./dvp_agent/dvp_driver.sv(27) @ 120230000: uvm_test_top.env.dvp_ip_env.dvp_agt.driver [dvp_driver] Driving Line ID: 5 | Resolution Width: 320 | Format: FMT_RGB888
# UVM_INFO dvp_scoreboard.sv(19) @ 139450000: uvm_test_top.env.dvp_ip_env.scb [DVP_SCB] SUCCESS! Scoreboard received Line 0. Format: FMT_RGB888
# UVM_INFO ./dvp_agent/dvp_driver.sv(27) @ 140870000: uvm_test_top.env.dvp_ip_env.dvp_agt.driver [dvp_driver] Driving Line ID: 6 | Resolution Width: 320 | Format: FMT_RGB888
# UVM_INFO dvp_scoreboard.sv(19) @ 160090000: uvm_test_top.env.dvp_ip_env.scb [DVP_SCB] SUCCESS! Scoreboard received Line 0. Format: FMT_RGB888
# UVM_INFO ./dvp_agent/dvp_driver.sv(27) @ 163830000: uvm_test_top.env.dvp_ip_env.dvp_agt.driver [dvp_driver] Driving Line ID: 7 | Resolution Width: 320 | Format: FMT_RGB888
# UVM_INFO dvp_scoreboard.sv(19) @ 183050000: uvm_test_top.env.dvp_ip_env.scb [DVP_SCB] SUCCESS! Scoreboard received Line 0. Format: FMT_RGB888
# UVM_INFO ./dvp_agent/dvp_driver.sv(27) @ 184110000: uvm_test_top.env.dvp_ip_env.dvp_agt.driver [dvp_driver] Driving Line ID: 8 | Resolution Width: 320 | Format: FMT_RGB888
# UVM_INFO dvp_scoreboard.sv(19) @ 203330000: uvm_test_top.env.dvp_ip_env.scb [DVP_SCB] SUCCESS! Scoreboard received Line 0. Format: FMT_RGB888
# UVM_INFO ./dvp_agent/dvp_driver.sv(27) @ 206570000: uvm_test_top.env.dvp_ip_env.dvp_agt.driver [dvp_driver] Driving Line ID: 9 | Resolution Width: 320 | Format: FMT_RGB888
# UVM_INFO dvp_scoreboard.sv(19) @ 225790000: uvm_test_top.env.dvp_ip_env.scb [DVP_SCB] SUCCESS! Scoreboard received Line 0. Format: FMT_RGB888
# UVM_INFO ./dvp_agent/dvp_driver.sv(27) @ 226810000: uvm_test_top.env.dvp_ip_env.dvp_agt.driver [dvp_driver] Driving Line ID: 10 | Resolution Width: 320 | Format: FMT_RGB888
# UVM_INFO dvp_scoreboard.sv(19) @ 246030000: uvm_test_top.env.dvp_ip_env.scb [DVP_SCB] SUCCESS! Scoreboard received Line 0. Format: FMT_RGB888
# UVM_INFO ./dvp_agent/dvp_driver.sv(27) @ 249530000: uvm_test_top.env.dvp_ip_env.dvp_agt.driver [dvp_driver] Driving Line ID: 11 | Resolution Width: 320 | Format: FMT_RGB888
# UVM_INFO dvp_scoreboard.sv(19) @ 268750000: uvm_test_top.env.dvp_ip_env.scb [DVP_SCB] SUCCESS! Scoreboard received Line 0. Format: FMT_RGB888
# UVM_INFO ./dvp_agent/dvp_driver.sv(27) @ 271810000: uvm_test_top.env.dvp_ip_env.dvp_agt.driver [dvp_driver] Driving Line ID: 12 | Resolution Width: 320 | Format: FMT_RGB888
# UVM_INFO dvp_scoreboard.sv(19) @ 291030000: uvm_test_top.env.dvp_ip_env.scb [DVP_SCB] SUCCESS! Scoreboard received Line 0. Format: FMT_RGB888
# UVM_INFO ./dvp_agent/dvp_driver.sv(27) @ 292050000: uvm_test_top.env.dvp_ip_env.dvp_agt.driver [dvp_driver] Driving Line ID: 13 | Resolution Width: 320 | Format: FMT_RGB888
# UVM_INFO dvp_scoreboard.sv(19) @ 311270000: uvm_test_top.env.dvp_ip_env.scb [DVP_SCB] SUCCESS! Scoreboard received Line 0. Format: FMT_RGB888
# UVM_INFO ./dvp_agent/dvp_driver.sv(27) @ 312310000: uvm_test_top.env.dvp_ip_env.dvp_agt.driver [dvp_driver] Driving Line ID: 14 | Resolution Width: 320 | Format: FMT_RGB888
# UVM_INFO dvp_scoreboard.sv(19) @ 331530000: uvm_test_top.env.dvp_ip_env.scb [DVP_SCB] SUCCESS! Scoreboard received Line 0. Format: FMT_RGB888
# UVM_INFO ./dvp_agent/dvp_driver.sv(27) @ 334790000: uvm_test_top.env.dvp_ip_env.dvp_agt.driver [dvp_driver] Driving Line ID: 15 | Resolution Width: 320 | Format: FMT_RGB888
# UVM_INFO dvp_scoreboard.sv(19) @ 354010000: uvm_test_top.env.dvp_ip_env.scb [DVP_SCB] SUCCESS! Scoreboard received Line 0. Format: FMT_RGB888
# UVM_INFO ./dvp_agent/dvp_driver.sv(27) @ 357750000: uvm_test_top.env.dvp_ip_env.dvp_agt.driver [dvp_driver] Driving Line ID: 16 | Resolution Width: 320 | Format: FMT_RGB888
# UVM_INFO dvp_scoreboard.sv(19) @ 376970000: uvm_test_top.env.dvp_ip_env.scb [DVP_SCB] SUCCESS! Scoreboard received Line 0. Format: FMT_RGB888
# UVM_INFO ./dvp_agent/dvp_driver.sv(27) @ 380510000: uvm_test_top.env.dvp_ip_env.dvp_agt.driver [dvp_driver] Driving Line ID: 17 | Resolution Width: 320 | Format: FMT_RGB888
# UVM_INFO dvp_scoreboard.sv(19) @ 399730000: uvm_test_top.env.dvp_ip_env.scb [DVP_SCB] SUCCESS! Scoreboard received Line 0. Format: FMT_RGB888
# UVM_INFO ./dvp_agent/dvp_driver.sv(27) @ 401810000: uvm_test_top.env.dvp_ip_env.dvp_agt.driver [dvp_driver] Driving Line ID: 18 | Resolution Width: 320 | Format: FMT_RGB888
# UVM_INFO dvp_scoreboard.sv(19) @ 421030000: uvm_test_top.env.dvp_ip_env.scb [DVP_SCB] SUCCESS! Scoreboard received Line 0. Format: FMT_RGB888
# UVM_INFO ./dvp_agent/dvp_driver.sv(27) @ 422490000: uvm_test_top.env.dvp_ip_env.dvp_agt.driver [dvp_driver] Driving Line ID: 19 | Resolution Width: 320 | Format: FMT_RGB888
# UVM_INFO dvp_scoreboard.sv(19) @ 441710000: uvm_test_top.env.dvp_ip_env.scb [DVP_SCB] SUCCESS! Scoreboard received Line 0. Format: FMT_RGB888
# UVM_INFO ./dvp_agent/dvp_driver.sv(27) @ 445570000: uvm_test_top.env.dvp_ip_env.dvp_agt.driver [dvp_driver] Driving Line ID: 20 | Resolution Width: 320 | Format: FMT_RGB888
# UVM_INFO dvp_scoreboard.sv(19) @ 464790000: uvm_test_top.env.dvp_ip_env.scb [DVP_SCB] SUCCESS! Scoreboard received Line 0. Format: FMT_RGB888
# UVM_INFO ./dvp_agent/dvp_driver.sv(27) @ 467390000: uvm_test_top.env.dvp_ip_env.dvp_agt.driver [dvp_driver] Driving Line ID: 21 | Resolution Width: 320 | Format: FMT_RGB888
# UVM_INFO dvp_scoreboard.sv(19) @ 486610000: uvm_test_top.env.dvp_ip_env.scb [DVP_SCB] SUCCESS! Scoreboard received Line 0. Format: FMT_RGB888
# UVM_INFO ./dvp_agent/dvp_driver.sv(27) @ 490310000: uvm_test_top.env.dvp_ip_env.dvp_agt.driver [dvp_driver] Driving Line ID: 22 | Resolution Width: 320 | Format: FMT_RGB888
# UVM_INFO dvp_scoreboard.sv(19) @ 509530000: uvm_test_top.env.dvp_ip_env.scb [DVP_SCB] SUCCESS! Scoreboard received Line 0. Format: FMT_RGB888
# UVM_INFO ./dvp_agent/dvp_driver.sv(27) @ 510950000: uvm_test_top.env.dvp_ip_env.dvp_agt.driver [dvp_driver] Driving Line ID: 23 | Resolution Width: 320 | Format: FMT_RGB888
# UVM_INFO dvp_scoreboard.sv(19) @ 530170000: uvm_test_top.env.dvp_ip_env.scb [DVP_SCB] SUCCESS! Scoreboard received Line 0. Format: FMT_RGB888
# UVM_INFO ./dvp_agent/dvp_driver.sv(27) @ 533310000: uvm_test_top.env.dvp_ip_env.dvp_agt.driver [dvp_driver] Driving Line ID: 24 | Resolution Width: 320 | Format: FMT_RGB888
# UVM_INFO dvp_scoreboard.sv(19) @ 552530000: uvm_test_top.env.dvp_ip_env.scb [DVP_SCB] SUCCESS! Scoreboard received Line 0. Format: FMT_RGB888
# UVM_INFO ./dvp_agent/dvp_driver.sv(27) @ 554170000: uvm_test_top.env.dvp_ip_env.dvp_agt.driver [dvp_driver] Driving Line ID: 25 | Resolution Width: 320 | Format: FMT_RGB888
# UVM_INFO dvp_scoreboard.sv(19) @ 573390000: uvm_test_top.env.dvp_ip_env.scb [DVP_SCB] SUCCESS! Scoreboard received Line 0. Format: FMT_RGB888
# UVM_INFO ./dvp_agent/dvp_driver.sv(27) @ 577110000: uvm_test_top.env.dvp_ip_env.dvp_agt.driver [dvp_driver] Driving Line ID: 26 | Resolution Width: 320 | Format: FMT_RGB888
# UVM_INFO dvp_scoreboard.sv(19) @ 596330000: uvm_test_top.env.dvp_ip_env.scb [DVP_SCB] SUCCESS! Scoreboard received Line 0. Format: FMT_RGB888
# UVM_INFO ./dvp_agent/dvp_driver.sv(27) @ 597430000: uvm_test_top.env.dvp_ip_env.dvp_agt.driver [dvp_driver] Driving Line ID: 27 | Resolution Width: 320 | Format: FMT_RGB888
# UVM_INFO dvp_scoreboard.sv(19) @ 616650000: uvm_test_top.env.dvp_ip_env.scb [DVP_SCB] SUCCESS! Scoreboard received Line 0. Format: FMT_RGB888
# UVM_INFO ./dvp_agent/dvp_driver.sv(27) @ 618630000: uvm_test_top.env.dvp_ip_env.dvp_agt.driver [dvp_driver] Driving Line ID: 28 | Resolution Width: 320 | Format: FMT_RGB888
# UVM_INFO dvp_scoreboard.sv(19) @ 637850000: uvm_test_top.env.dvp_ip_env.scb [DVP_SCB] SUCCESS! Scoreboard received Line 0. Format: FMT_RGB888
# UVM_INFO ./dvp_agent/dvp_driver.sv(27) @ 641650000: uvm_test_top.env.dvp_ip_env.dvp_agt.driver [dvp_driver] Driving Line ID: 29 | Resolution Width: 320 | Format: FMT_RGB888
# UVM_INFO dvp_scoreboard.sv(19) @ 660870000: uvm_test_top.env.dvp_ip_env.scb [DVP_SCB] SUCCESS! Scoreboard received Line 0. Format: FMT_RGB888
# UVM_INFO ./dvp_agent/dvp_driver.sv(27) @ 664210000: uvm_test_top.env.dvp_ip_env.dvp_agt.driver [dvp_driver] Driving Line ID: 30 | Resolution Width: 320 | Format: FMT_RGB888
# UVM_INFO dvp_scoreboard.sv(19) @ 683430000: uvm_test_top.env.dvp_ip_env.scb [DVP_SCB] SUCCESS! Scoreboard received Line 0. Format: FMT_RGB888
# UVM_INFO ./dvp_agent/dvp_driver.sv(27) @ 686930000: uvm_test_top.env.dvp_ip_env.dvp_agt.driver [dvp_driver] Driving Line ID: 31 | Resolution Width: 320 | Format: FMT_RGB888
# UVM_INFO dvp_scoreboard.sv(19) @ 706150000: uvm_test_top.env.dvp_ip_env.scb [DVP_SCB] SUCCESS! Scoreboard received Line 0. Format: FMT_RGB888
# UVM_INFO ./dvp_agent/dvp_driver.sv(27) @ 708330000: uvm_test_top.env.dvp_ip_env.dvp_agt.driver [dvp_driver] Driving Line ID: 32 | Resolution Width: 320 | Format: FMT_RGB888
# UVM_INFO dvp_scoreboard.sv(19) @ 727550000: uvm_test_top.env.dvp_ip_env.scb [DVP_SCB] SUCCESS! Scoreboard received Line 0. Format: FMT_RGB888
# UVM_INFO ./dvp_agent/dvp_driver.sv(27) @ 729370000: uvm_test_top.env.dvp_ip_env.dvp_agt.driver [dvp_driver] Driving Line ID: 33 | Resolution Width: 320 | Format: FMT_RGB888
# UVM_INFO dvp_scoreboard.sv(19) @ 748590000: uvm_test_top.env.dvp_ip_env.scb [DVP_SCB] SUCCESS! Scoreboard received Line 0. Format: FMT_RGB888
# UVM_INFO ./dvp_agent/dvp_driver.sv(27) @ 750530000: uvm_test_top.env.dvp_ip_env.dvp_agt.driver [dvp_driver] Driving Line ID: 34 | Resolution Width: 320 | Format: FMT_RGB888
# UVM_INFO dvp_scoreboard.sv(19) @ 769750000: uvm_test_top.env.dvp_ip_env.scb [DVP_SCB] SUCCESS! Scoreboard received Line 0. Format: FMT_RGB888
# UVM_INFO ./dvp_agent/dvp_driver.sv(27) @ 773630000: uvm_test_top.env.dvp_ip_env.dvp_agt.driver [dvp_driver] Driving Line ID: 35 | Resolution Width: 320 | Format: FMT_RGB888
# UVM_INFO dvp_scoreboard.sv(19) @ 792850000: uvm_test_top.env.dvp_ip_env.scb [DVP_SCB] SUCCESS! Scoreboard received Line 0. Format: FMT_RGB888
# UVM_INFO ./dvp_agent/dvp_driver.sv(27) @ 796750000: uvm_test_top.env.dvp_ip_env.dvp_agt.driver [dvp_driver] Driving Line ID: 36 | Resolution Width: 320 | Format: FMT_RGB888
# UVM_INFO dvp_scoreboard.sv(19) @ 815970000: uvm_test_top.env.dvp_ip_env.scb [DVP_SCB] SUCCESS! Scoreboard received Line 0. Format: FMT_RGB888
# UVM_INFO ./dvp_agent/dvp_driver.sv(27) @ 819150000: uvm_test_top.env.dvp_ip_env.dvp_agt.driver [dvp_driver] Driving Line ID: 37 | Resolution Width: 320 | Format: FMT_RGB888
# UVM_INFO dvp_scoreboard.sv(19) @ 838370000: uvm_test_top.env.dvp_ip_env.scb [DVP_SCB] SUCCESS! Scoreboard received Line 0. Format: FMT_RGB888
# UVM_INFO ./dvp_agent/dvp_driver.sv(27) @ 839530000: uvm_test_top.env.dvp_ip_env.dvp_agt.driver [dvp_driver] Driving Line ID: 38 | Resolution Width: 320 | Format: FMT_RGB888
# UVM_INFO dvp_scoreboard.sv(19) @ 858750000: uvm_test_top.env.dvp_ip_env.scb [DVP_SCB] SUCCESS! Scoreboard received Line 0. Format: FMT_RGB888
# UVM_INFO ./dvp_agent/dvp_driver.sv(27) @ 862710000: uvm_test_top.env.dvp_ip_env.dvp_agt.driver [dvp_driver] Driving Line ID: 39 | Resolution Width: 320 | Format: FMT_RGB888
# UVM_INFO dvp_scoreboard.sv(19) @ 881930000: uvm_test_top.env.dvp_ip_env.scb [DVP_SCB] SUCCESS! Scoreboard received Line 0. Format: FMT_RGB888
# UVM_INFO ./dvp_agent/dvp_driver.sv(27) @ 883930000: uvm_test_top.env.dvp_ip_env.dvp_agt.driver [dvp_driver] Driving Line ID: 40 | Resolution Width: 320 | Format: FMT_RGB888
# UVM_INFO dvp_scoreboard.sv(19) @ 903150000: uvm_test_top.env.dvp_ip_env.scb [DVP_SCB] SUCCESS! Scoreboard received Line 0. Format: FMT_RGB888
# UVM_INFO ./dvp_agent/dvp_driver.sv(27) @ 905050000: uvm_test_top.env.dvp_ip_env.dvp_agt.driver [dvp_driver] Driving Line ID: 41 | Resolution Width: 320 | Format: FMT_RGB888
# UVM_INFO dvp_scoreboard.sv(19) @ 924270000: uvm_test_top.env.dvp_ip_env.scb [DVP_SCB] SUCCESS! Scoreboard received Line 0. Format: FMT_RGB888
# UVM_INFO ./dvp_agent/dvp_driver.sv(27) @ 927670000: uvm_test_top.env.dvp_ip_env.dvp_agt.driver [dvp_driver] Driving Line ID: 42 | Resolution Width: 320 | Format: FMT_RGB888
# UVM_INFO dvp_scoreboard.sv(19) @ 946890000: uvm_test_top.env.dvp_ip_env.scb [DVP_SCB] SUCCESS! Scoreboard received Line 0. Format: FMT_RGB888
# UVM_INFO ./dvp_agent/dvp_driver.sv(27) @ 949010000: uvm_test_top.env.dvp_ip_env.dvp_agt.driver [dvp_driver] Driving Line ID: 43 | Resolution Width: 320 | Format: FMT_RGB888
# UVM_INFO dvp_scoreboard.sv(19) @ 968230000: uvm_test_top.env.dvp_ip_env.scb [DVP_SCB] SUCCESS! Scoreboard received Line 0. Format: FMT_RGB888
# UVM_INFO ./dvp_agent/dvp_driver.sv(27) @ 970890000: uvm_test_top.env.dvp_ip_env.dvp_agt.driver [dvp_driver] Driving Line ID: 44 | Resolution Width: 320 | Format: FMT_RGB888
# UVM_INFO dvp_scoreboard.sv(19) @ 990110000: uvm_test_top.env.dvp_ip_env.scb [DVP_SCB] SUCCESS! Scoreboard received Line 0. Format: FMT_RGB888
# UVM_INFO ./dvp_agent/dvp_driver.sv(27) @ 992150000: uvm_test_top.env.dvp_ip_env.dvp_agt.driver [dvp_driver] Driving Line ID: 45 | Resolution Width: 320 | Format: FMT_RGB888
# UVM_INFO dvp_scoreboard.sv(19) @ 1011370000: uvm_test_top.env.dvp_ip_env.scb [DVP_SCB] SUCCESS! Scoreboard received Line 0. Format: FMT_RGB888
# UVM_INFO ./dvp_agent/dvp_driver.sv(27) @ 1012870000: uvm_test_top.env.dvp_ip_env.dvp_agt.driver [dvp_driver] Driving Line ID: 46 | Resolution Width: 320 | Format: FMT_RGB888
# UVM_INFO dvp_scoreboard.sv(19) @ 1032090000: uvm_test_top.env.dvp_ip_env.scb [DVP_SCB] SUCCESS! Scoreboard received Line 0. Format: FMT_RGB888
# UVM_INFO ./dvp_agent/dvp_driver.sv(27) @ 1033630000: uvm_test_top.env.dvp_ip_env.dvp_agt.driver [dvp_driver] Driving Line ID: 47 | Resolution Width: 320 | Format: FMT_RGB888
# UVM_INFO dvp_scoreboard.sv(19) @ 1052850000: uvm_test_top.env.dvp_ip_env.scb [DVP_SCB] SUCCESS! Scoreboard received Line 0. Format: FMT_RGB888
# UVM_INFO ./dvp_agent/dvp_driver.sv(27) @ 1055970000: uvm_test_top.env.dvp_ip_env.dvp_agt.driver [dvp_driver] Driving Line ID: 48 | Resolution Width: 320 | Format: FMT_RGB888
# UVM_INFO dvp_scoreboard.sv(19) @ 1075190000: uvm_test_top.env.dvp_ip_env.scb [DVP_SCB] SUCCESS! Scoreboard received Line 0. Format: FMT_RGB888
# UVM_INFO ./dvp_agent/dvp_driver.sv(27) @ 1078510000: uvm_test_top.env.dvp_ip_env.dvp_agt.driver [dvp_driver] Driving Line ID: 49 | Resolution Width: 320 | Format: FMT_RGB888
# UVM_INFO dvp_scoreboard.sv(19) @ 1097730000: uvm_test_top.env.dvp_ip_env.scb [DVP_SCB] SUCCESS! Scoreboard received Line 0. Format: FMT_RGB888
# UVM_INFO ./dvp_agent/dvp_driver.sv(27) @ 1099850000: uvm_test_top.env.dvp_ip_env.dvp_agt.driver [dvp_driver] Driving Line ID: 50 | Resolution Width: 320 | Format: FMT_RGB888
# UVM_INFO dvp_scoreboard.sv(19) @ 1119070000: uvm_test_top.env.dvp_ip_env.scb [DVP_SCB] SUCCESS! Scoreboard received Line 0. Format: FMT_RGB888
# UVM_INFO ./dvp_agent/dvp_driver.sv(27) @ 1120470000: uvm_test_top.env.dvp_ip_env.dvp_agt.driver [dvp_driver] Driving Line ID: 51 | Resolution Width: 320 | Format: FMT_RGB888
# UVM_INFO dvp_scoreboard.sv(19) @ 1139690000: uvm_test_top.env.dvp_ip_env.scb [DVP_SCB] SUCCESS! Scoreboard received Line 0. Format: FMT_RGB888
# UVM_INFO ./dvp_agent/dvp_driver.sv(27) @ 1142650000: uvm_test_top.env.dvp_ip_env.dvp_agt.driver [dvp_driver] Driving Line ID: 52 | Resolution Width: 320 | Format: FMT_RGB888
# UVM_INFO dvp_scoreboard.sv(19) @ 1161870000: uvm_test_top.env.dvp_ip_env.scb [DVP_SCB] SUCCESS! Scoreboard received Line 0. Format: FMT_RGB888
# UVM_INFO ./dvp_agent/dvp_driver.sv(27) @ 1162930000: uvm_test_top.env.dvp_ip_env.dvp_agt.driver [dvp_driver] Driving Line ID: 53 | Resolution Width: 320 | Format: FMT_RGB888
# UVM_INFO dvp_scoreboard.sv(19) @ 1182150000: uvm_test_top.env.dvp_ip_env.scb [DVP_SCB] SUCCESS! Scoreboard received Line 0. Format: FMT_RGB888
# UVM_INFO ./dvp_agent/dvp_driver.sv(27) @ 1183930000: uvm_test_top.env.dvp_ip_env.dvp_agt.driver [dvp_driver] Driving Line ID: 54 | Resolution Width: 320 | Format: FMT_RGB888
# UVM_INFO dvp_scoreboard.sv(19) @ 1203150000: uvm_test_top.env.dvp_ip_env.scb [DVP_SCB] SUCCESS! Scoreboard received Line 0. Format: FMT_RGB888
# UVM_INFO ./dvp_agent/dvp_driver.sv(27) @ 1207050000: uvm_test_top.env.dvp_ip_env.dvp_agt.driver [dvp_driver] Driving Line ID: 55 | Resolution Width: 320 | Format: FMT_RGB888
# UVM_INFO dvp_scoreboard.sv(19) @ 1226270000: uvm_test_top.env.dvp_ip_env.scb [DVP_SCB] SUCCESS! Scoreboard received Line 0. Format: FMT_RGB888
# UVM_INFO ./dvp_agent/dvp_driver.sv(27) @ 1228250000: uvm_test_top.env.dvp_ip_env.dvp_agt.driver [dvp_driver] Driving Line ID: 56 | Resolution Width: 320 | Format: FMT_RGB888
# UVM_INFO dvp_scoreboard.sv(19) @ 1247470000: uvm_test_top.env.dvp_ip_env.scb [DVP_SCB] SUCCESS! Scoreboard received Line 0. Format: FMT_RGB888
# UVM_INFO ./dvp_agent/dvp_driver.sv(27) @ 1251070000: uvm_test_top.env.dvp_ip_env.dvp_agt.driver [dvp_driver] Driving Line ID: 57 | Resolution Width: 320 | Format: FMT_RGB888
# UVM_INFO dvp_scoreboard.sv(19) @ 1270290000: uvm_test_top.env.dvp_ip_env.scb [DVP_SCB] SUCCESS! Scoreboard received Line 0. Format: FMT_RGB888
# UVM_INFO ./dvp_agent/dvp_driver.sv(27) @ 1272830000: uvm_test_top.env.dvp_ip_env.dvp_agt.driver [dvp_driver] Driving Line ID: 58 | Resolution Width: 320 | Format: FMT_RGB888
# UVM_INFO dvp_scoreboard.sv(19) @ 1292050000: uvm_test_top.env.dvp_ip_env.scb [DVP_SCB] SUCCESS! Scoreboard received Line 0. Format: FMT_RGB888
# UVM_INFO ./dvp_agent/dvp_driver.sv(27) @ 1295490000: uvm_test_top.env.dvp_ip_env.dvp_agt.driver [dvp_driver] Driving Line ID: 59 | Resolution Width: 320 | Format: FMT_RGB888
# UVM_INFO dvp_scoreboard.sv(19) @ 1314710000: uvm_test_top.env.dvp_ip_env.scb [DVP_SCB] SUCCESS! Scoreboard received Line 0. Format: FMT_RGB888
# UVM_INFO ./dvp_agent/dvp_driver.sv(27) @ 1316490000: uvm_test_top.env.dvp_ip_env.dvp_agt.driver [dvp_driver] Driving Line ID: 60 | Resolution Width: 320 | Format: FMT_RGB888
# UVM_INFO dvp_scoreboard.sv(19) @ 1335710000: uvm_test_top.env.dvp_ip_env.scb [DVP_SCB] SUCCESS! Scoreboard received Line 0. Format: FMT_RGB888
# UVM_INFO ./dvp_agent/dvp_driver.sv(27) @ 1338190000: uvm_test_top.env.dvp_ip_env.dvp_agt.driver [dvp_driver] Driving Line ID: 61 | Resolution Width: 320 | Format: FMT_RGB888
# UVM_INFO dvp_scoreboard.sv(19) @ 1357410000: uvm_test_top.env.dvp_ip_env.scb [DVP_SCB] SUCCESS! Scoreboard received Line 0. Format: FMT_RGB888
# UVM_INFO ./dvp_agent/dvp_driver.sv(27) @ 1360710000: uvm_test_top.env.dvp_ip_env.dvp_agt.driver [dvp_driver] Driving Line ID: 62 | Resolution Width: 320 | Format: FMT_RGB888
# UVM_INFO dvp_scoreboard.sv(19) @ 1379930000: uvm_test_top.env.dvp_ip_env.scb [DVP_SCB] SUCCESS! Scoreboard received Line 0. Format: FMT_RGB888
# UVM_INFO ./dvp_agent/dvp_driver.sv(27) @ 1381670000: uvm_test_top.env.dvp_ip_env.dvp_agt.driver [dvp_driver] Driving Line ID: 63 | Resolution Width: 320 | Format: FMT_RGB888
# UVM_INFO dvp_scoreboard.sv(19) @ 1400890000: uvm_test_top.env.dvp_ip_env.scb [DVP_SCB] SUCCESS! Scoreboard received Line 0. Format: FMT_RGB888
# UVM_INFO ./dvp_agent/dvp_driver.sv(27) @ 1403490000: uvm_test_top.env.dvp_ip_env.dvp_agt.driver [dvp_driver] Driving Line ID: 64 | Resolution Width: 320 | Format: FMT_RGB888
# UVM_INFO dvp_scoreboard.sv(19) @ 1422710000: uvm_test_top.env.dvp_ip_env.scb [DVP_SCB] SUCCESS! Scoreboard received Line 0. Format: FMT_RGB888
# UVM_INFO ./dvp_agent/dvp_driver.sv(27) @ 1425590000: uvm_test_top.env.dvp_ip_env.dvp_agt.driver [dvp_driver] Driving Line ID: 65 | Resolution Width: 320 | Format: FMT_RGB888
# UVM_INFO dvp_scoreboard.sv(19) @ 1444810000: uvm_test_top.env.dvp_ip_env.scb [DVP_SCB] SUCCESS! Scoreboard received Line 0. Format: FMT_RGB888
# UVM_INFO ./dvp_agent/dvp_driver.sv(27) @ 1448310000: uvm_test_top.env.dvp_ip_env.dvp_agt.driver [dvp_driver] Driving Line ID: 66 | Resolution Width: 320 | Format: FMT_RGB888
# UVM_INFO dvp_scoreboard.sv(19) @ 1467530000: uvm_test_top.env.dvp_ip_env.scb [DVP_SCB] SUCCESS! Scoreboard received Line 0. Format: FMT_RGB888
# UVM_INFO ./dvp_agent/dvp_driver.sv(27) @ 1470550000: uvm_test_top.env.dvp_ip_env.dvp_agt.driver [dvp_driver] Driving Line ID: 67 | Resolution Width: 320 | Format: FMT_RGB888
# UVM_INFO dvp_scoreboard.sv(19) @ 1489770000: uvm_test_top.env.dvp_ip_env.scb [DVP_SCB] SUCCESS! Scoreboard received Line 0. Format: FMT_RGB888
# UVM_INFO ./dvp_agent/dvp_driver.sv(27) @ 1492010000: uvm_test_top.env.dvp_ip_env.dvp_agt.driver [dvp_driver] Driving Line ID: 68 | Resolution Width: 320 | Format: FMT_RGB888
# UVM_INFO dvp_scoreboard.sv(19) @ 1511230000: uvm_test_top.env.dvp_ip_env.scb [DVP_SCB] SUCCESS! Scoreboard received Line 0. Format: FMT_RGB888
# UVM_INFO ./dvp_agent/dvp_driver.sv(27) @ 1512350000: uvm_test_top.env.dvp_ip_env.dvp_agt.driver [dvp_driver] Driving Line ID: 69 | Resolution Width: 320 | Format: FMT_RGB888
# UVM_INFO dvp_scoreboard.sv(19) @ 1531570000: uvm_test_top.env.dvp_ip_env.scb [DVP_SCB] SUCCESS! Scoreboard received Line 0. Format: FMT_RGB888
# UVM_INFO ./dvp_agent/dvp_driver.sv(27) @ 1533230000: uvm_test_top.env.dvp_ip_env.dvp_agt.driver [dvp_driver] Driving Line ID: 70 | Resolution Width: 320 | Format: FMT_RGB888
# UVM_INFO dvp_scoreboard.sv(19) @ 1552450000: uvm_test_top.env.dvp_ip_env.scb [DVP_SCB] SUCCESS! Scoreboard received Line 0. Format: FMT_RGB888
# UVM_INFO ./dvp_agent/dvp_driver.sv(27) @ 1554930000: uvm_test_top.env.dvp_ip_env.dvp_agt.driver [dvp_driver] Driving Line ID: 71 | Resolution Width: 320 | Format: FMT_RGB888
# UVM_INFO dvp_scoreboard.sv(19) @ 1574150000: uvm_test_top.env.dvp_ip_env.scb [DVP_SCB] SUCCESS! Scoreboard received Line 0. Format: FMT_RGB888
# UVM_INFO ./dvp_agent/dvp_driver.sv(27) @ 1577650000: uvm_test_top.env.dvp_ip_env.dvp_agt.driver [dvp_driver] Driving Line ID: 72 | Resolution Width: 320 | Format: FMT_RGB888
# UVM_INFO dvp_scoreboard.sv(19) @ 1596870000: uvm_test_top.env.dvp_ip_env.scb [DVP_SCB] SUCCESS! Scoreboard received Line 0. Format: FMT_RGB888
# UVM_INFO ./dvp_agent/dvp_driver.sv(27) @ 1600690000: uvm_test_top.env.dvp_ip_env.dvp_agt.driver [dvp_driver] Driving Line ID: 73 | Resolution Width: 320 | Format: FMT_RGB888
# UVM_INFO dvp_scoreboard.sv(19) @ 1619910000: uvm_test_top.env.dvp_ip_env.scb [DVP_SCB] SUCCESS! Scoreboard received Line 0. Format: FMT_RGB888
# UVM_INFO ./dvp_agent/dvp_driver.sv(27) @ 1621990000: uvm_test_top.env.dvp_ip_env.dvp_agt.driver [dvp_driver] Driving Line ID: 74 | Resolution Width: 320 | Format: FMT_RGB888
# UVM_INFO dvp_scoreboard.sv(19) @ 1641210000: uvm_test_top.env.dvp_ip_env.scb [DVP_SCB] SUCCESS! Scoreboard received Line 0. Format: FMT_RGB888
# UVM_INFO ./dvp_agent/dvp_driver.sv(27) @ 1644970000: uvm_test_top.env.dvp_ip_env.dvp_agt.driver [dvp_driver] Driving Line ID: 75 | Resolution Width: 320 | Format: FMT_RGB888
# UVM_INFO dvp_scoreboard.sv(19) @ 1664190000: uvm_test_top.env.dvp_ip_env.scb [DVP_SCB] SUCCESS! Scoreboard received Line 0. Format: FMT_RGB888
# UVM_INFO ./dvp_agent/dvp_driver.sv(27) @ 1665830000: uvm_test_top.env.dvp_ip_env.dvp_agt.driver [dvp_driver] Driving Line ID: 76 | Resolution Width: 320 | Format: FMT_RGB888
# UVM_INFO dvp_scoreboard.sv(19) @ 1685050000: uvm_test_top.env.dvp_ip_env.scb [DVP_SCB] SUCCESS! Scoreboard received Line 0. Format: FMT_RGB888
# UVM_INFO ./dvp_agent/dvp_driver.sv(27) @ 1688850000: uvm_test_top.env.dvp_ip_env.dvp_agt.driver [dvp_driver] Driving Line ID: 77 | Resolution Width: 320 | Format: FMT_RGB888
# UVM_INFO dvp_scoreboard.sv(19) @ 1708070000: uvm_test_top.env.dvp_ip_env.scb [DVP_SCB] SUCCESS! Scoreboard received Line 0. Format: FMT_RGB888
# UVM_INFO ./dvp_agent/dvp_driver.sv(27) @ 1709890000: uvm_test_top.env.dvp_ip_env.dvp_agt.driver [dvp_driver] Driving Line ID: 78 | Resolution Width: 320 | Format: FMT_RGB888
# UVM_INFO dvp_scoreboard.sv(19) @ 1729110000: uvm_test_top.env.dvp_ip_env.scb [DVP_SCB] SUCCESS! Scoreboard received Line 0. Format: FMT_RGB888
# UVM_INFO ./dvp_agent/dvp_driver.sv(27) @ 1731390000: uvm_test_top.env.dvp_ip_env.dvp_agt.driver [dvp_driver] Driving Line ID: 79 | Resolution Width: 320 | Format: FMT_RGB888
# UVM_INFO dvp_scoreboard.sv(19) @ 1750610000: uvm_test_top.env.dvp_ip_env.scb [DVP_SCB] SUCCESS! Scoreboard received Line 0. Format: FMT_RGB888
# UVM_INFO ./dvp_agent/dvp_driver.sv(27) @ 1754350000: uvm_test_top.env.dvp_ip_env.dvp_agt.driver [dvp_driver] Driving Line ID: 80 | Resolution Width: 320 | Format: FMT_RGB888
# UVM_INFO dvp_scoreboard.sv(19) @ 1773570000: uvm_test_top.env.dvp_ip_env.scb [DVP_SCB] SUCCESS! Scoreboard received Line 0. Format: FMT_RGB888
# UVM_INFO ./dvp_agent/dvp_driver.sv(27) @ 1774910000: uvm_test_top.env.dvp_ip_env.dvp_agt.driver [dvp_driver] Driving Line ID: 81 | Resolution Width: 320 | Format: FMT_RGB888
# UVM_INFO dvp_scoreboard.sv(19) @ 1794130000: uvm_test_top.env.dvp_ip_env.scb [DVP_SCB] SUCCESS! Scoreboard received Line 0. Format: FMT_RGB888
# UVM_INFO ./dvp_agent/dvp_driver.sv(27) @ 1796350000: uvm_test_top.env.dvp_ip_env.dvp_agt.driver [dvp_driver] Driving Line ID: 82 | Resolution Width: 320 | Format: FMT_RGB888
# UVM_INFO dvp_scoreboard.sv(19) @ 1815570000: uvm_test_top.env.dvp_ip_env.scb [DVP_SCB] SUCCESS! Scoreboard received Line 0. Format: FMT_RGB888
# UVM_INFO ./dvp_agent/dvp_driver.sv(27) @ 1818330000: uvm_test_top.env.dvp_ip_env.dvp_agt.driver [dvp_driver] Driving Line ID: 83 | Resolution Width: 320 | Format: FMT_RGB888
# UVM_INFO dvp_scoreboard.sv(19) @ 1837550000: uvm_test_top.env.dvp_ip_env.scb [DVP_SCB] SUCCESS! Scoreboard received Line 0. Format: FMT_RGB888
# UVM_INFO ./dvp_agent/dvp_driver.sv(27) @ 1838810000: uvm_test_top.env.dvp_ip_env.dvp_agt.driver [dvp_driver] Driving Line ID: 84 | Resolution Width: 320 | Format: FMT_RGB888
# UVM_INFO dvp_scoreboard.sv(19) @ 1858030000: uvm_test_top.env.dvp_ip_env.scb [DVP_SCB] SUCCESS! Scoreboard received Line 0. Format: FMT_RGB888
# UVM_INFO ./dvp_agent/dvp_driver.sv(27) @ 1861150000: uvm_test_top.env.dvp_ip_env.dvp_agt.driver [dvp_driver] Driving Line ID: 85 | Resolution Width: 320 | Format: FMT_RGB888
# UVM_INFO dvp_scoreboard.sv(19) @ 1880370000: uvm_test_top.env.dvp_ip_env.scb [DVP_SCB] SUCCESS! Scoreboard received Line 0. Format: FMT_RGB888
# UVM_INFO ./dvp_agent/dvp_driver.sv(27) @ 1883590000: uvm_test_top.env.dvp_ip_env.dvp_agt.driver [dvp_driver] Driving Line ID: 86 | Resolution Width: 320 | Format: FMT_RGB888
# UVM_INFO dvp_scoreboard.sv(19) @ 1902810000: uvm_test_top.env.dvp_ip_env.scb [DVP_SCB] SUCCESS! Scoreboard received Line 0. Format: FMT_RGB888
# UVM_INFO ./dvp_agent/dvp_driver.sv(27) @ 1905970000: uvm_test_top.env.dvp_ip_env.dvp_agt.driver [dvp_driver] Driving Line ID: 87 | Resolution Width: 320 | Format: FMT_RGB888
# UVM_INFO dvp_scoreboard.sv(19) @ 1925190000: uvm_test_top.env.dvp_ip_env.scb [DVP_SCB] SUCCESS! Scoreboard received Line 0. Format: FMT_RGB888
# UVM_INFO ./dvp_agent/dvp_driver.sv(27) @ 1928030000: uvm_test_top.env.dvp_ip_env.dvp_agt.driver [dvp_driver] Driving Line ID: 88 | Resolution Width: 320 | Format: FMT_RGB888
# UVM_INFO dvp_scoreboard.sv(19) @ 1947250000: uvm_test_top.env.dvp_ip_env.scb [DVP_SCB] SUCCESS! Scoreboard received Line 0. Format: FMT_RGB888
# UVM_INFO ./dvp_agent/dvp_driver.sv(27) @ 1951110000: uvm_test_top.env.dvp_ip_env.dvp_agt.driver [dvp_driver] Driving Line ID: 89 | Resolution Width: 320 | Format: FMT_RGB888
# UVM_INFO dvp_scoreboard.sv(19) @ 1970330000: uvm_test_top.env.dvp_ip_env.scb [DVP_SCB] SUCCESS! Scoreboard received Line 0. Format: FMT_RGB888
# UVM_INFO ./dvp_agent/dvp_driver.sv(27) @ 1971390000: uvm_test_top.env.dvp_ip_env.dvp_agt.driver [dvp_driver] Driving Line ID: 90 | Resolution Width: 320 | Format: FMT_RGB888
# UVM_INFO dvp_scoreboard.sv(19) @ 1990610000: uvm_test_top.env.dvp_ip_env.scb [DVP_SCB] SUCCESS! Scoreboard received Line 0. Format: FMT_RGB888
# UVM_INFO ./dvp_agent/dvp_driver.sv(27) @ 1992270000: uvm_test_top.env.dvp_ip_env.dvp_agt.driver [dvp_driver] Driving Line ID: 91 | Resolution Width: 320 | Format: FMT_RGB888
# UVM_INFO dvp_scoreboard.sv(19) @ 2011490000: uvm_test_top.env.dvp_ip_env.scb [DVP_SCB] SUCCESS! Scoreboard received Line 0. Format: FMT_RGB888
# UVM_INFO ./dvp_agent/dvp_driver.sv(27) @ 2014950000: uvm_test_top.env.dvp_ip_env.dvp_agt.driver [dvp_driver] Driving Line ID: 92 | Resolution Width: 320 | Format: FMT_RGB888
# UVM_INFO dvp_scoreboard.sv(19) @ 2034170000: uvm_test_top.env.dvp_ip_env.scb [DVP_SCB] SUCCESS! Scoreboard received Line 0. Format: FMT_RGB888
# UVM_INFO ./dvp_agent/dvp_driver.sv(27) @ 2035870000: uvm_test_top.env.dvp_ip_env.dvp_agt.driver [dvp_driver] Driving Line ID: 93 | Resolution Width: 320 | Format: FMT_RGB888
# UVM_INFO dvp_scoreboard.sv(19) @ 2055090000: uvm_test_top.env.dvp_ip_env.scb [DVP_SCB] SUCCESS! Scoreboard received Line 0. Format: FMT_RGB888
# UVM_INFO ./dvp_agent/dvp_driver.sv(27) @ 2057890000: uvm_test_top.env.dvp_ip_env.dvp_agt.driver [dvp_driver] Driving Line ID: 94 | Resolution Width: 320 | Format: FMT_RGB888
# UVM_INFO dvp_scoreboard.sv(19) @ 2077110000: uvm_test_top.env.dvp_ip_env.scb [DVP_SCB] SUCCESS! Scoreboard received Line 0. Format: FMT_RGB888
# UVM_INFO ./dvp_agent/dvp_driver.sv(27) @ 2078290000: uvm_test_top.env.dvp_ip_env.dvp_agt.driver [dvp_driver] Driving Line ID: 95 | Resolution Width: 320 | Format: FMT_RGB888
# UVM_INFO dvp_scoreboard.sv(19) @ 2097510000: uvm_test_top.env.dvp_ip_env.scb [DVP_SCB] SUCCESS! Scoreboard received Line 0. Format: FMT_RGB888
# UVM_INFO ./dvp_agent/dvp_driver.sv(27) @ 2099410000: uvm_test_top.env.dvp_ip_env.dvp_agt.driver [dvp_driver] Driving Line ID: 96 | Resolution Width: 320 | Format: FMT_RGB888
# UVM_INFO dvp_scoreboard.sv(19) @ 2118630000: uvm_test_top.env.dvp_ip_env.scb [DVP_SCB] SUCCESS! Scoreboard received Line 0. Format: FMT_RGB888
# UVM_INFO ./dvp_agent/dvp_driver.sv(27) @ 2120670000: uvm_test_top.env.dvp_ip_env.dvp_agt.driver [dvp_driver] Driving Line ID: 97 | Resolution Width: 320 | Format: FMT_RGB888
# UVM_INFO dvp_scoreboard.sv(19) @ 2139890000: uvm_test_top.env.dvp_ip_env.scb [DVP_SCB] SUCCESS! Scoreboard received Line 0. Format: FMT_RGB888
# UVM_INFO ./dvp_agent/dvp_driver.sv(27) @ 2142410000: uvm_test_top.env.dvp_ip_env.dvp_agt.driver [dvp_driver] Driving Line ID: 98 | Resolution Width: 320 | Format: FMT_RGB888
# UVM_INFO dvp_scoreboard.sv(19) @ 2161630000: uvm_test_top.env.dvp_ip_env.scb [DVP_SCB] SUCCESS! Scoreboard received Line 0. Format: FMT_RGB888
# UVM_INFO ./dvp_agent/dvp_driver.sv(27) @ 2165050000: uvm_test_top.env.dvp_ip_env.dvp_agt.driver [dvp_driver] Driving Line ID: 99 | Resolution Width: 320 | Format: FMT_RGB888
# UVM_INFO dvp_scoreboard.sv(19) @ 2184270000: uvm_test_top.env.dvp_ip_env.scb [DVP_SCB] SUCCESS! Scoreboard received Line 0. Format: FMT_RGB888
# UVM_INFO ./dvp_agent/dvp_driver.sv(27) @ 2186570000: uvm_test_top.env.dvp_ip_env.dvp_agt.driver [dvp_driver] Driving Line ID: 100 | Resolution Width: 320 | Format: FMT_RGB888
# UVM_INFO dvp_scoreboard.sv(19) @ 2205790000: uvm_test_top.env.dvp_ip_env.scb [DVP_SCB] SUCCESS! Scoreboard received Line 0. Format: FMT_RGB888
# UVM_INFO ./dvp_agent/dvp_driver.sv(27) @ 2208710000: uvm_test_top.env.dvp_ip_env.dvp_agt.driver [dvp_driver] Driving Line ID: 101 | Resolution Width: 320 | Format: FMT_RGB888
# UVM_INFO dvp_scoreboard.sv(19) @ 2227930000: uvm_test_top.env.dvp_ip_env.scb [DVP_SCB] SUCCESS! Scoreboard received Line 0. Format: FMT_RGB888
# UVM_INFO ./dvp_agent/dvp_driver.sv(27) @ 2229330000: uvm_test_top.env.dvp_ip_env.dvp_agt.driver [dvp_driver] Driving Line ID: 102 | Resolution Width: 320 | Format: FMT_RGB888
# UVM_INFO dvp_scoreboard.sv(19) @ 2248550000: uvm_test_top.env.dvp_ip_env.scb [DVP_SCB] SUCCESS! Scoreboard received Line 0. Format: FMT_RGB888
# UVM_INFO ./dvp_agent/dvp_driver.sv(27) @ 2251770000: uvm_test_top.env.dvp_ip_env.dvp_agt.driver [dvp_driver] Driving Line ID: 103 | Resolution Width: 320 | Format: FMT_RGB888
# UVM_INFO dvp_scoreboard.sv(19) @ 2270990000: uvm_test_top.env.dvp_ip_env.scb [DVP_SCB] SUCCESS! Scoreboard received Line 0. Format: FMT_RGB888
# UVM_INFO ./dvp_agent/dvp_driver.sv(27) @ 2273050000: uvm_test_top.env.dvp_ip_env.dvp_agt.driver [dvp_driver] Driving Line ID: 104 | Resolution Width: 320 | Format: FMT_RGB888
# UVM_INFO dvp_scoreboard.sv(19) @ 2292270000: uvm_test_top.env.dvp_ip_env.scb [DVP_SCB] SUCCESS! Scoreboard received Line 0. Format: FMT_RGB888
# UVM_INFO ./dvp_agent/dvp_driver.sv(27) @ 2295450000: uvm_test_top.env.dvp_ip_env.dvp_agt.driver [dvp_driver] Driving Line ID: 105 | Resolution Width: 320 | Format: FMT_RGB888
# UVM_INFO dvp_scoreboard.sv(19) @ 2314670000: uvm_test_top.env.dvp_ip_env.scb [DVP_SCB] SUCCESS! Scoreboard received Line 0. Format: FMT_RGB888
# UVM_INFO ./dvp_agent/dvp_driver.sv(27) @ 2315990000: uvm_test_top.env.dvp_ip_env.dvp_agt.driver [dvp_driver] Driving Line ID: 106 | Resolution Width: 320 | Format: FMT_RGB888
# UVM_INFO dvp_scoreboard.sv(19) @ 2335210000: uvm_test_top.env.dvp_ip_env.scb [DVP_SCB] SUCCESS! Scoreboard received Line 0. Format: FMT_RGB888
# UVM_INFO ./dvp_agent/dvp_driver.sv(27) @ 2337910000: uvm_test_top.env.dvp_ip_env.dvp_agt.driver [dvp_driver] Driving Line ID: 107 | Resolution Width: 320 | Format: FMT_RGB888
# UVM_INFO dvp_scoreboard.sv(19) @ 2357130000: uvm_test_top.env.dvp_ip_env.scb [DVP_SCB] SUCCESS! Scoreboard received Line 0. Format: FMT_RGB888
# UVM_INFO ./dvp_agent/dvp_driver.sv(27) @ 2360570000: uvm_test_top.env.dvp_ip_env.dvp_agt.driver [dvp_driver] Driving Line ID: 108 | Resolution Width: 320 | Format: FMT_RGB888
# UVM_INFO dvp_scoreboard.sv(19) @ 2379790000: uvm_test_top.env.dvp_ip_env.scb [DVP_SCB] SUCCESS! Scoreboard received Line 0. Format: FMT_RGB888
# UVM_INFO ./dvp_agent/dvp_driver.sv(27) @ 2383010000: uvm_test_top.env.dvp_ip_env.dvp_agt.driver [dvp_driver] Driving Line ID: 109 | Resolution Width: 320 | Format: FMT_RGB888
# UVM_INFO dvp_scoreboard.sv(19) @ 2402230000: uvm_test_top.env.dvp_ip_env.scb [DVP_SCB] SUCCESS! Scoreboard received Line 0. Format: FMT_RGB888
# UVM_INFO ./dvp_agent/dvp_driver.sv(27) @ 2405890000: uvm_test_top.env.dvp_ip_env.dvp_agt.driver [dvp_driver] Driving Line ID: 110 | Resolution Width: 320 | Format: FMT_RGB888
# UVM_INFO dvp_scoreboard.sv(19) @ 2425110000: uvm_test_top.env.dvp_ip_env.scb [DVP_SCB] SUCCESS! Scoreboard received Line 0. Format: FMT_RGB888
# UVM_INFO ./dvp_agent/dvp_driver.sv(27) @ 2427070000: uvm_test_top.env.dvp_ip_env.dvp_agt.driver [dvp_driver] Driving Line ID: 111 | Resolution Width: 320 | Format: FMT_RGB888
# UVM_INFO dvp_scoreboard.sv(19) @ 2446290000: uvm_test_top.env.dvp_ip_env.scb [DVP_SCB] SUCCESS! Scoreboard received Line 0. Format: FMT_RGB888
# UVM_INFO ./dvp_agent/dvp_driver.sv(27) @ 2448150000: uvm_test_top.env.dvp_ip_env.dvp_agt.driver [dvp_driver] Driving Line ID: 112 | Resolution Width: 320 | Format: FMT_RGB888
# UVM_INFO dvp_scoreboard.sv(19) @ 2467370000: uvm_test_top.env.dvp_ip_env.scb [DVP_SCB] SUCCESS! Scoreboard received Line 0. Format: FMT_RGB888
# UVM_INFO ./dvp_agent/dvp_driver.sv(27) @ 2468410000: uvm_test_top.env.dvp_ip_env.dvp_agt.driver [dvp_driver] Driving Line ID: 113 | Resolution Width: 320 | Format: FMT_RGB888
# UVM_INFO dvp_scoreboard.sv(19) @ 2487630000: uvm_test_top.env.dvp_ip_env.scb [DVP_SCB] SUCCESS! Scoreboard received Line 0. Format: FMT_RGB888
# UVM_INFO ./dvp_agent/dvp_driver.sv(27) @ 2489610000: uvm_test_top.env.dvp_ip_env.dvp_agt.driver [dvp_driver] Driving Line ID: 114 | Resolution Width: 320 | Format: FMT_RGB888
# UVM_INFO dvp_scoreboard.sv(19) @ 2508830000: uvm_test_top.env.dvp_ip_env.scb [DVP_SCB] SUCCESS! Scoreboard received Line 0. Format: FMT_RGB888
# UVM_INFO ./dvp_agent/dvp_driver.sv(27) @ 2511290000: uvm_test_top.env.dvp_ip_env.dvp_agt.driver [dvp_driver] Driving Line ID: 115 | Resolution Width: 320 | Format: FMT_RGB888
# UVM_INFO dvp_scoreboard.sv(19) @ 2530510000: uvm_test_top.env.dvp_ip_env.scb [DVP_SCB] SUCCESS! Scoreboard received Line 0. Format: FMT_RGB888
# UVM_INFO ./dvp_agent/dvp_driver.sv(27) @ 2532810000: uvm_test_top.env.dvp_ip_env.dvp_agt.driver [dvp_driver] Driving Line ID: 116 | Resolution Width: 320 | Format: FMT_RGB888
# UVM_INFO dvp_scoreboard.sv(19) @ 2552030000: uvm_test_top.env.dvp_ip_env.scb [DVP_SCB] SUCCESS! Scoreboard received Line 0. Format: FMT_RGB888
# UVM_INFO ./dvp_agent/dvp_driver.sv(27) @ 2553890000: uvm_test_top.env.dvp_ip_env.dvp_agt.driver [dvp_driver] Driving Line ID: 117 | Resolution Width: 320 | Format: FMT_RGB888
# UVM_INFO dvp_scoreboard.sv(19) @ 2573110000: uvm_test_top.env.dvp_ip_env.scb [DVP_SCB] SUCCESS! Scoreboard received Line 0. Format: FMT_RGB888
# UVM_INFO ./dvp_agent/dvp_driver.sv(27) @ 2576850000: uvm_test_top.env.dvp_ip_env.dvp_agt.driver [dvp_driver] Driving Line ID: 118 | Resolution Width: 320 | Format: FMT_RGB888
# UVM_INFO dvp_scoreboard.sv(19) @ 2596070000: uvm_test_top.env.dvp_ip_env.scb [DVP_SCB] SUCCESS! Scoreboard received Line 0. Format: FMT_RGB888
# UVM_INFO ./dvp_agent/dvp_driver.sv(27) @ 2597550000: uvm_test_top.env.dvp_ip_env.dvp_agt.driver [dvp_driver] Driving Line ID: 119 | Resolution Width: 320 | Format: FMT_RGB888
# UVM_INFO dvp_scoreboard.sv(19) @ 2616770000: uvm_test_top.env.dvp_ip_env.scb [DVP_SCB] SUCCESS! Scoreboard received Line 0. Format: FMT_RGB888
# UVM_INFO ./dvp_agent/dvp_driver.sv(27) @ 2618070000: uvm_test_top.env.dvp_ip_env.dvp_agt.driver [dvp_driver] Driving Line ID: 120 | Resolution Width: 320 | Format: FMT_RGB888
# UVM_INFO dvp_scoreboard.sv(19) @ 2637290000: uvm_test_top.env.dvp_ip_env.scb [DVP_SCB] SUCCESS! Scoreboard received Line 0. Format: FMT_RGB888
# UVM_INFO ./dvp_agent/dvp_driver.sv(27) @ 2638630000: uvm_test_top.env.dvp_ip_env.dvp_agt.driver [dvp_driver] Driving Line ID: 121 | Resolution Width: 320 | Format: FMT_RGB888
# UVM_INFO dvp_scoreboard.sv(19) @ 2657850000: uvm_test_top.env.dvp_ip_env.scb [DVP_SCB] SUCCESS! Scoreboard received Line 0. Format: FMT_RGB888
# UVM_INFO ./dvp_agent/dvp_driver.sv(27) @ 2660670000: uvm_test_top.env.dvp_ip_env.dvp_agt.driver [dvp_driver] Driving Line ID: 122 | Resolution Width: 320 | Format: FMT_RGB888
# UVM_INFO dvp_scoreboard.sv(19) @ 2679890000: uvm_test_top.env.dvp_ip_env.scb [DVP_SCB] SUCCESS! Scoreboard received Line 0. Format: FMT_RGB888
# UVM_INFO ./dvp_agent/dvp_driver.sv(27) @ 2681030000: uvm_test_top.env.dvp_ip_env.dvp_agt.driver [dvp_driver] Driving Line ID: 123 | Resolution Width: 320 | Format: FMT_RGB888
# UVM_INFO dvp_scoreboard.sv(19) @ 2700250000: uvm_test_top.env.dvp_ip_env.scb [DVP_SCB] SUCCESS! Scoreboard received Line 0. Format: FMT_RGB888
# UVM_INFO ./dvp_agent/dvp_driver.sv(27) @ 2701350000: uvm_test_top.env.dvp_ip_env.dvp_agt.driver [dvp_driver] Driving Line ID: 124 | Resolution Width: 320 | Format: FMT_RGB888
# UVM_INFO dvp_scoreboard.sv(19) @ 2720570000: uvm_test_top.env.dvp_ip_env.scb [DVP_SCB] SUCCESS! Scoreboard received Line 0. Format: FMT_RGB888
# UVM_INFO ./dvp_agent/dvp_driver.sv(27) @ 2721870000: uvm_test_top.env.dvp_ip_env.dvp_agt.driver [dvp_driver] Driving Line ID: 125 | Resolution Width: 320 | Format: FMT_RGB888
# UVM_INFO dvp_scoreboard.sv(19) @ 2741090000: uvm_test_top.env.dvp_ip_env.scb [DVP_SCB] SUCCESS! Scoreboard received Line 0. Format: FMT_RGB888
# UVM_INFO ./dvp_agent/dvp_driver.sv(27) @ 2744210000: uvm_test_top.env.dvp_ip_env.dvp_agt.driver [dvp_driver] Driving Line ID: 126 | Resolution Width: 320 | Format: FMT_RGB888
# UVM_INFO dvp_scoreboard.sv(19) @ 2763430000: uvm_test_top.env.dvp_ip_env.scb [DVP_SCB] SUCCESS! Scoreboard received Line 0. Format: FMT_RGB888
# UVM_INFO ./dvp_agent/dvp_driver.sv(27) @ 2766090000: uvm_test_top.env.dvp_ip_env.dvp_agt.driver [dvp_driver] Driving Line ID: 127 | Resolution Width: 320 | Format: FMT_RGB888
# UVM_INFO dvp_scoreboard.sv(19) @ 2785310000: uvm_test_top.env.dvp_ip_env.scb [DVP_SCB] SUCCESS! Scoreboard received Line 0. Format: FMT_RGB888
# UVM_INFO ./dvp_agent/dvp_driver.sv(27) @ 2788930000: uvm_test_top.env.dvp_ip_env.dvp_agt.driver [dvp_driver] Driving Line ID: 128 | Resolution Width: 320 | Format: FMT_RGB888
# UVM_INFO dvp_scoreboard.sv(19) @ 2808150000: uvm_test_top.env.dvp_ip_env.scb [DVP_SCB] SUCCESS! Scoreboard received Line 0. Format: FMT_RGB888
# UVM_INFO ./dvp_agent/dvp_driver.sv(27) @ 2810610000: uvm_test_top.env.dvp_ip_env.dvp_agt.driver [dvp_driver] Driving Line ID: 129 | Resolution Width: 320 | Format: FMT_RGB888
# UVM_INFO dvp_scoreboard.sv(19) @ 2829830000: uvm_test_top.env.dvp_ip_env.scb [DVP_SCB] SUCCESS! Scoreboard received Line 0. Format: FMT_RGB888
# UVM_INFO ./dvp_agent/dvp_driver.sv(27) @ 2831210000: uvm_test_top.env.dvp_ip_env.dvp_agt.driver [dvp_driver] Driving Line ID: 130 | Resolution Width: 320 | Format: FMT_RGB888
# UVM_INFO dvp_scoreboard.sv(19) @ 2850430000: uvm_test_top.env.dvp_ip_env.scb [DVP_SCB] SUCCESS! Scoreboard received Line 0. Format: FMT_RGB888
# UVM_INFO ./dvp_agent/dvp_driver.sv(27) @ 2853790000: uvm_test_top.env.dvp_ip_env.dvp_agt.driver [dvp_driver] Driving Line ID: 131 | Resolution Width: 320 | Format: FMT_RGB888
# UVM_INFO dvp_scoreboard.sv(19) @ 2873010000: uvm_test_top.env.dvp_ip_env.scb [DVP_SCB] SUCCESS! Scoreboard received Line 0. Format: FMT_RGB888
# UVM_INFO ./dvp_agent/dvp_driver.sv(27) @ 2876230000: uvm_test_top.env.dvp_ip_env.dvp_agt.driver [dvp_driver] Driving Line ID: 132 | Resolution Width: 320 | Format: FMT_RGB888
# UVM_INFO dvp_scoreboard.sv(19) @ 2895450000: uvm_test_top.env.dvp_ip_env.scb [DVP_SCB] SUCCESS! Scoreboard received Line 0. Format: FMT_RGB888
# UVM_INFO ./dvp_agent/dvp_driver.sv(27) @ 2898690000: uvm_test_top.env.dvp_ip_env.dvp_agt.driver [dvp_driver] Driving Line ID: 133 | Resolution Width: 320 | Format: FMT_RGB888
# UVM_INFO dvp_scoreboard.sv(19) @ 2917910000: uvm_test_top.env.dvp_ip_env.scb [DVP_SCB] SUCCESS! Scoreboard received Line 0. Format: FMT_RGB888
# UVM_INFO ./dvp_agent/dvp_driver.sv(27) @ 2921110000: uvm_test_top.env.dvp_ip_env.dvp_agt.driver [dvp_driver] Driving Line ID: 134 | Resolution Width: 320 | Format: FMT_RGB888
# UVM_INFO dvp_scoreboard.sv(19) @ 2940330000: uvm_test_top.env.dvp_ip_env.scb [DVP_SCB] SUCCESS! Scoreboard received Line 0. Format: FMT_RGB888
# UVM_INFO ./dvp_agent/dvp_driver.sv(27) @ 2943430000: uvm_test_top.env.dvp_ip_env.dvp_agt.driver [dvp_driver] Driving Line ID: 135 | Resolution Width: 320 | Format: FMT_RGB888
# UVM_INFO dvp_scoreboard.sv(19) @ 2962650000: uvm_test_top.env.dvp_ip_env.scb [DVP_SCB] SUCCESS! Scoreboard received Line 0. Format: FMT_RGB888
# UVM_INFO ./dvp_agent/dvp_driver.sv(27) @ 2965090000: uvm_test_top.env.dvp_ip_env.dvp_agt.driver [dvp_driver] Driving Line ID: 136 | Resolution Width: 320 | Format: FMT_RGB888
# UVM_INFO dvp_scoreboard.sv(19) @ 2984310000: uvm_test_top.env.dvp_ip_env.scb [DVP_SCB] SUCCESS! Scoreboard received Line 0. Format: FMT_RGB888
# UVM_INFO ./dvp_agent/dvp_driver.sv(27) @ 2987110000: uvm_test_top.env.dvp_ip_env.dvp_agt.driver [dvp_driver] Driving Line ID: 137 | Resolution Width: 320 | Format: FMT_RGB888
# UVM_INFO dvp_scoreboard.sv(19) @ 3006330000: uvm_test_top.env.dvp_ip_env.scb [DVP_SCB] SUCCESS! Scoreboard received Line 0. Format: FMT_RGB888
# UVM_INFO ./dvp_agent/dvp_driver.sv(27) @ 3009690000: uvm_test_top.env.dvp_ip_env.dvp_agt.driver [dvp_driver] Driving Line ID: 138 | Resolution Width: 320 | Format: FMT_RGB888
# UVM_INFO dvp_scoreboard.sv(19) @ 3028910000: uvm_test_top.env.dvp_ip_env.scb [DVP_SCB] SUCCESS! Scoreboard received Line 0. Format: FMT_RGB888
# UVM_INFO ./dvp_agent/dvp_driver.sv(27) @ 3030310000: uvm_test_top.env.dvp_ip_env.dvp_agt.driver [dvp_driver] Driving Line ID: 139 | Resolution Width: 320 | Format: FMT_RGB888
# UVM_INFO dvp_scoreboard.sv(19) @ 3049530000: uvm_test_top.env.dvp_ip_env.scb [DVP_SCB] SUCCESS! Scoreboard received Line 0. Format: FMT_RGB888
# UVM_INFO ./dvp_agent/dvp_driver.sv(27) @ 3051590000: uvm_test_top.env.dvp_ip_env.dvp_agt.driver [dvp_driver] Driving Line ID: 140 | Resolution Width: 320 | Format: FMT_RGB888
# UVM_INFO dvp_scoreboard.sv(19) @ 3070810000: uvm_test_top.env.dvp_ip_env.scb [DVP_SCB] SUCCESS! Scoreboard received Line 0. Format: FMT_RGB888
# UVM_INFO ./dvp_agent/dvp_driver.sv(27) @ 3074590000: uvm_test_top.env.dvp_ip_env.dvp_agt.driver [dvp_driver] Driving Line ID: 141 | Resolution Width: 320 | Format: FMT_RGB888
# UVM_INFO dvp_scoreboard.sv(19) @ 3093810000: uvm_test_top.env.dvp_ip_env.scb [DVP_SCB] SUCCESS! Scoreboard received Line 0. Format: FMT_RGB888
# UVM_INFO ./dvp_agent/dvp_driver.sv(27) @ 3095590000: uvm_test_top.env.dvp_ip_env.dvp_agt.driver [dvp_driver] Driving Line ID: 142 | Resolution Width: 320 | Format: FMT_RGB888
# UVM_INFO dvp_scoreboard.sv(19) @ 3114810000: uvm_test_top.env.dvp_ip_env.scb [DVP_SCB] SUCCESS! Scoreboard received Line 0. Format: FMT_RGB888
# UVM_INFO ./dvp_agent/dvp_driver.sv(27) @ 3116710000: uvm_test_top.env.dvp_ip_env.dvp_agt.driver [dvp_driver] Driving Line ID: 143 | Resolution Width: 320 | Format: FMT_RGB888
# UVM_INFO dvp_scoreboard.sv(19) @ 3135930000: uvm_test_top.env.dvp_ip_env.scb [DVP_SCB] SUCCESS! Scoreboard received Line 0. Format: FMT_RGB888
# UVM_INFO ./dvp_agent/dvp_driver.sv(27) @ 3138910000: uvm_test_top.env.dvp_ip_env.dvp_agt.driver [dvp_driver] Driving Line ID: 144 | Resolution Width: 320 | Format: FMT_RGB888
# UVM_INFO dvp_scoreboard.sv(19) @ 3158130000: uvm_test_top.env.dvp_ip_env.scb [DVP_SCB] SUCCESS! Scoreboard received Line 0. Format: FMT_RGB888
# UVM_INFO ./dvp_agent/dvp_driver.sv(27) @ 3161370000: uvm_test_top.env.dvp_ip_env.dvp_agt.driver [dvp_driver] Driving Line ID: 145 | Resolution Width: 320 | Format: FMT_RGB888
# UVM_INFO dvp_scoreboard.sv(19) @ 3180590000: uvm_test_top.env.dvp_ip_env.scb [DVP_SCB] SUCCESS! Scoreboard received Line 0. Format: FMT_RGB888
# UVM_INFO ./dvp_agent/dvp_driver.sv(27) @ 3184550000: uvm_test_top.env.dvp_ip_env.dvp_agt.driver [dvp_driver] Driving Line ID: 146 | Resolution Width: 320 | Format: FMT_RGB888
# UVM_INFO dvp_scoreboard.sv(19) @ 3203770000: uvm_test_top.env.dvp_ip_env.scb [DVP_SCB] SUCCESS! Scoreboard received Line 0. Format: FMT_RGB888
# UVM_INFO ./dvp_agent/dvp_driver.sv(27) @ 3204910000: uvm_test_top.env.dvp_ip_env.dvp_agt.driver [dvp_driver] Driving Line ID: 147 | Resolution Width: 320 | Format: FMT_RGB888
# UVM_INFO dvp_scoreboard.sv(19) @ 3224130000: uvm_test_top.env.dvp_ip_env.scb [DVP_SCB] SUCCESS! Scoreboard received Line 0. Format: FMT_RGB888
# UVM_INFO ./dvp_agent/dvp_driver.sv(27) @ 3225330000: uvm_test_top.env.dvp_ip_env.dvp_agt.driver [dvp_driver] Driving Line ID: 148 | Resolution Width: 320 | Format: FMT_RGB888
# UVM_INFO dvp_scoreboard.sv(19) @ 3244550000: uvm_test_top.env.dvp_ip_env.scb [DVP_SCB] SUCCESS! Scoreboard received Line 0. Format: FMT_RGB888
# UVM_INFO ./dvp_agent/dvp_driver.sv(27) @ 3247430000: uvm_test_top.env.dvp_ip_env.dvp_agt.driver [dvp_driver] Driving Line ID: 149 | Resolution Width: 320 | Format: FMT_RGB888
# UVM_INFO dvp_scoreboard.sv(19) @ 3266650000: uvm_test_top.env.dvp_ip_env.scb [DVP_SCB] SUCCESS! Scoreboard received Line 0. Format: FMT_RGB888
# UVM_INFO ./dvp_agent/dvp_driver.sv(27) @ 3269150000: uvm_test_top.env.dvp_ip_env.dvp_agt.driver [dvp_driver] Driving Line ID: 150 | Resolution Width: 320 | Format: FMT_RGB888
# UVM_INFO dvp_scoreboard.sv(19) @ 3288370000: uvm_test_top.env.dvp_ip_env.scb [DVP_SCB] SUCCESS! Scoreboard received Line 0. Format: FMT_RGB888
# UVM_INFO ./dvp_agent/dvp_driver.sv(27) @ 3290730000: uvm_test_top.env.dvp_ip_env.dvp_agt.driver [dvp_driver] Driving Line ID: 151 | Resolution Width: 320 | Format: FMT_RGB888
# UVM_INFO dvp_scoreboard.sv(19) @ 3309950000: uvm_test_top.env.dvp_ip_env.scb [DVP_SCB] SUCCESS! Scoreboard received Line 0. Format: FMT_RGB888
# UVM_INFO ./dvp_agent/dvp_driver.sv(27) @ 3313410000: uvm_test_top.env.dvp_ip_env.dvp_agt.driver [dvp_driver] Driving Line ID: 152 | Resolution Width: 320 | Format: FMT_RGB888
# UVM_INFO dvp_scoreboard.sv(19) @ 3332630000: uvm_test_top.env.dvp_ip_env.scb [DVP_SCB] SUCCESS! Scoreboard received Line 0. Format: FMT_RGB888
# UVM_INFO ./dvp_agent/dvp_driver.sv(27) @ 3336270000: uvm_test_top.env.dvp_ip_env.dvp_agt.driver [dvp_driver] Driving Line ID: 153 | Resolution Width: 320 | Format: FMT_RGB888
# UVM_INFO dvp_scoreboard.sv(19) @ 3355490000: uvm_test_top.env.dvp_ip_env.scb [DVP_SCB] SUCCESS! Scoreboard received Line 0. Format: FMT_RGB888
# UVM_INFO ./dvp_agent/dvp_driver.sv(27) @ 3357910000: uvm_test_top.env.dvp_ip_env.dvp_agt.driver [dvp_driver] Driving Line ID: 154 | Resolution Width: 320 | Format: FMT_RGB888
# UVM_INFO dvp_scoreboard.sv(19) @ 3377130000: uvm_test_top.env.dvp_ip_env.scb [DVP_SCB] SUCCESS! Scoreboard received Line 0. Format: FMT_RGB888
# UVM_INFO ./dvp_agent/dvp_driver.sv(27) @ 3379770000: uvm_test_top.env.dvp_ip_env.dvp_agt.driver [dvp_driver] Driving Line ID: 155 | Resolution Width: 320 | Format: FMT_RGB888
# UVM_INFO dvp_scoreboard.sv(19) @ 3398990000: uvm_test_top.env.dvp_ip_env.scb [DVP_SCB] SUCCESS! Scoreboard received Line 0. Format: FMT_RGB888
# UVM_INFO ./dvp_agent/dvp_driver.sv(27) @ 3401950000: uvm_test_top.env.dvp_ip_env.dvp_agt.driver [dvp_driver] Driving Line ID: 156 | Resolution Width: 320 | Format: FMT_RGB888
# UVM_INFO dvp_scoreboard.sv(19) @ 3421170000: uvm_test_top.env.dvp_ip_env.scb [DVP_SCB] SUCCESS! Scoreboard received Line 0. Format: FMT_RGB888
# UVM_INFO ./dvp_agent/dvp_driver.sv(27) @ 3424890000: uvm_test_top.env.dvp_ip_env.dvp_agt.driver [dvp_driver] Driving Line ID: 157 | Resolution Width: 320 | Format: FMT_RGB888
# UVM_INFO dvp_scoreboard.sv(19) @ 3444110000: uvm_test_top.env.dvp_ip_env.scb [DVP_SCB] SUCCESS! Scoreboard received Line 0. Format: FMT_RGB888
# UVM_INFO ./dvp_agent/dvp_driver.sv(27) @ 3446210000: uvm_test_top.env.dvp_ip_env.dvp_agt.driver [dvp_driver] Driving Line ID: 158 | Resolution Width: 320 | Format: FMT_RGB888
# UVM_INFO dvp_scoreboard.sv(19) @ 3465430000: uvm_test_top.env.dvp_ip_env.scb [DVP_SCB] SUCCESS! Scoreboard received Line 0. Format: FMT_RGB888
# UVM_INFO ./dvp_agent/dvp_driver.sv(27) @ 3466650000: uvm_test_top.env.dvp_ip_env.dvp_agt.driver [dvp_driver] Driving Line ID: 159 | Resolution Width: 320 | Format: FMT_RGB888
# UVM_INFO dvp_scoreboard.sv(19) @ 3485870000: uvm_test_top.env.dvp_ip_env.scb [DVP_SCB] SUCCESS! Scoreboard received Line 0. Format: FMT_RGB888
# UVM_INFO ./dvp_agent/dvp_driver.sv(27) @ 3487510000: uvm_test_top.env.dvp_ip_env.dvp_agt.driver [dvp_driver] Driving Line ID: 160 | Resolution Width: 320 | Format: FMT_RGB888
# UVM_INFO dvp_scoreboard.sv(19) @ 3506730000: uvm_test_top.env.dvp_ip_env.scb [DVP_SCB] SUCCESS! Scoreboard received Line 0. Format: FMT_RGB888
# UVM_INFO ./dvp_agent/dvp_driver.sv(27) @ 3509730000: uvm_test_top.env.dvp_ip_env.dvp_agt.driver [dvp_driver] Driving Line ID: 161 | Resolution Width: 320 | Format: FMT_RGB888
# UVM_INFO dvp_scoreboard.sv(19) @ 3528950000: uvm_test_top.env.dvp_ip_env.scb [DVP_SCB] SUCCESS! Scoreboard received Line 0. Format: FMT_RGB888
# UVM_INFO ./dvp_agent/dvp_driver.sv(27) @ 3529970000: uvm_test_top.env.dvp_ip_env.dvp_agt.driver [dvp_driver] Driving Line ID: 162 | Resolution Width: 320 | Format: FMT_RGB888
# UVM_INFO dvp_scoreboard.sv(19) @ 3549190000: uvm_test_top.env.dvp_ip_env.scb [DVP_SCB] SUCCESS! Scoreboard received Line 0. Format: FMT_RGB888
# UVM_INFO ./dvp_agent/dvp_driver.sv(27) @ 3551810000: uvm_test_top.env.dvp_ip_env.dvp_agt.driver [dvp_driver] Driving Line ID: 163 | Resolution Width: 320 | Format: FMT_RGB888
# UVM_INFO dvp_scoreboard.sv(19) @ 3571030000: uvm_test_top.env.dvp_ip_env.scb [DVP_SCB] SUCCESS! Scoreboard received Line 0. Format: FMT_RGB888
# UVM_INFO ./dvp_agent/dvp_driver.sv(27) @ 3572890000: uvm_test_top.env.dvp_ip_env.dvp_agt.driver [dvp_driver] Driving Line ID: 164 | Resolution Width: 320 | Format: FMT_RGB888
# UVM_INFO dvp_scoreboard.sv(19) @ 3592110000: uvm_test_top.env.dvp_ip_env.scb [DVP_SCB] SUCCESS! Scoreboard received Line 0. Format: FMT_RGB888
# UVM_INFO ./dvp_agent/dvp_driver.sv(27) @ 3593890000: uvm_test_top.env.dvp_ip_env.dvp_agt.driver [dvp_driver] Driving Line ID: 165 | Resolution Width: 320 | Format: FMT_RGB888
# UVM_INFO dvp_scoreboard.sv(19) @ 3613110000: uvm_test_top.env.dvp_ip_env.scb [DVP_SCB] SUCCESS! Scoreboard received Line 0. Format: FMT_RGB888
# UVM_INFO ./dvp_agent/dvp_driver.sv(27) @ 3615750000: uvm_test_top.env.dvp_ip_env.dvp_agt.driver [dvp_driver] Driving Line ID: 166 | Resolution Width: 320 | Format: FMT_RGB888
# UVM_INFO dvp_scoreboard.sv(19) @ 3634970000: uvm_test_top.env.dvp_ip_env.scb [DVP_SCB] SUCCESS! Scoreboard received Line 0. Format: FMT_RGB888
# UVM_INFO ./dvp_agent/dvp_driver.sv(27) @ 3637190000: uvm_test_top.env.dvp_ip_env.dvp_agt.driver [dvp_driver] Driving Line ID: 167 | Resolution Width: 320 | Format: FMT_RGB888
# UVM_INFO dvp_scoreboard.sv(19) @ 3656410000: uvm_test_top.env.dvp_ip_env.scb [DVP_SCB] SUCCESS! Scoreboard received Line 0. Format: FMT_RGB888
# UVM_INFO ./dvp_agent/dvp_driver.sv(27) @ 3659970000: uvm_test_top.env.dvp_ip_env.dvp_agt.driver [dvp_driver] Driving Line ID: 168 | Resolution Width: 320 | Format: FMT_RGB888
# UVM_INFO dvp_scoreboard.sv(19) @ 3679190000: uvm_test_top.env.dvp_ip_env.scb [DVP_SCB] SUCCESS! Scoreboard received Line 0. Format: FMT_RGB888
# UVM_INFO ./dvp_agent/dvp_driver.sv(27) @ 3681710000: uvm_test_top.env.dvp_ip_env.dvp_agt.driver [dvp_driver] Driving Line ID: 169 | Resolution Width: 320 | Format: FMT_RGB888
# UVM_INFO dvp_scoreboard.sv(19) @ 3700930000: uvm_test_top.env.dvp_ip_env.scb [DVP_SCB] SUCCESS! Scoreboard received Line 0. Format: FMT_RGB888
# UVM_INFO ./dvp_agent/dvp_driver.sv(27) @ 3704350000: uvm_test_top.env.dvp_ip_env.dvp_agt.driver [dvp_driver] Driving Line ID: 170 | Resolution Width: 320 | Format: FMT_RGB888
# UVM_INFO dvp_scoreboard.sv(19) @ 3723570000: uvm_test_top.env.dvp_ip_env.scb [DVP_SCB] SUCCESS! Scoreboard received Line 0. Format: FMT_RGB888
# UVM_INFO ./dvp_agent/dvp_driver.sv(27) @ 3725610000: uvm_test_top.env.dvp_ip_env.dvp_agt.driver [dvp_driver] Driving Line ID: 171 | Resolution Width: 320 | Format: FMT_RGB888
# UVM_INFO dvp_scoreboard.sv(19) @ 3744830000: uvm_test_top.env.dvp_ip_env.scb [DVP_SCB] SUCCESS! Scoreboard received Line 0. Format: FMT_RGB888
# UVM_INFO ./dvp_agent/dvp_driver.sv(27) @ 3747790000: uvm_test_top.env.dvp_ip_env.dvp_agt.driver [dvp_driver] Driving Line ID: 172 | Resolution Width: 320 | Format: FMT_RGB888
# UVM_INFO dvp_scoreboard.sv(19) @ 3767010000: uvm_test_top.env.dvp_ip_env.scb [DVP_SCB] SUCCESS! Scoreboard received Line 0. Format: FMT_RGB888
# UVM_INFO ./dvp_agent/dvp_driver.sv(27) @ 3769850000: uvm_test_top.env.dvp_ip_env.dvp_agt.driver [dvp_driver] Driving Line ID: 173 | Resolution Width: 320 | Format: FMT_RGB888
# UVM_INFO dvp_scoreboard.sv(19) @ 3789070000: uvm_test_top.env.dvp_ip_env.scb [DVP_SCB] SUCCESS! Scoreboard received Line 0. Format: FMT_RGB888
# UVM_INFO ./dvp_agent/dvp_driver.sv(27) @ 3791410000: uvm_test_top.env.dvp_ip_env.dvp_agt.driver [dvp_driver] Driving Line ID: 174 | Resolution Width: 320 | Format: FMT_RGB888
# UVM_INFO dvp_scoreboard.sv(19) @ 3810630000: uvm_test_top.env.dvp_ip_env.scb [DVP_SCB] SUCCESS! Scoreboard received Line 0. Format: FMT_RGB888
# UVM_INFO ./dvp_agent/dvp_driver.sv(27) @ 3814330000: uvm_test_top.env.dvp_ip_env.dvp_agt.driver [dvp_driver] Driving Line ID: 175 | Resolution Width: 320 | Format: FMT_RGB888
# UVM_INFO dvp_scoreboard.sv(19) @ 3833550000: uvm_test_top.env.dvp_ip_env.scb [DVP_SCB] SUCCESS! Scoreboard received Line 0. Format: FMT_RGB888
# UVM_INFO ./dvp_agent/dvp_driver.sv(27) @ 3836670000: uvm_test_top.env.dvp_ip_env.dvp_agt.driver [dvp_driver] Driving Line ID: 176 | Resolution Width: 320 | Format: FMT_RGB888
# UVM_INFO dvp_scoreboard.sv(19) @ 3855890000: uvm_test_top.env.dvp_ip_env.scb [DVP_SCB] SUCCESS! Scoreboard received Line 0. Format: FMT_RGB888
# UVM_INFO ./dvp_agent/dvp_driver.sv(27) @ 3858970000: uvm_test_top.env.dvp_ip_env.dvp_agt.driver [dvp_driver] Driving Line ID: 177 | Resolution Width: 320 | Format: FMT_RGB888
# UVM_INFO dvp_scoreboard.sv(19) @ 3878190000: uvm_test_top.env.dvp_ip_env.scb [DVP_SCB] SUCCESS! Scoreboard received Line 0. Format: FMT_RGB888
# UVM_INFO ./dvp_agent/dvp_driver.sv(27) @ 3880290000: uvm_test_top.env.dvp_ip_env.dvp_agt.driver [dvp_driver] Driving Line ID: 178 | Resolution Width: 320 | Format: FMT_RGB888
# UVM_INFO dvp_scoreboard.sv(19) @ 3899510000: uvm_test_top.env.dvp_ip_env.scb [DVP_SCB] SUCCESS! Scoreboard received Line 0. Format: FMT_RGB888
# UVM_INFO ./dvp_agent/dvp_driver.sv(27) @ 3901790000: uvm_test_top.env.dvp_ip_env.dvp_agt.driver [dvp_driver] Driving Line ID: 179 | Resolution Width: 320 | Format: FMT_RGB888
# Break key hit
# Break in Task axi4_read_address_sampling at ./axi_avip/hdl_top/master_agent_bfm/axi4_master_monitor_bfm.sv line 171
# Stopped at ./axi_avip/hdl_top/master_agent_bfm/axi4_master_monitor_bfm.sv line 171
#  quit -f
# End time: 12:46:16 on Jul 28,2026, Elapsed time: 0:00:16
# Errors: 0, Warnings: 6
